Archive member included because of file (symbol)

c:\Users\jenright\AppData\Roaming\Code\User\globalStorage\vexrobotics.vexcode\sdk\cpp\EXP\EXP_20240802_15_00_00/vexexp\libexprt.a(exp_startup.c.o)
                              (vexStartup)
c:\Users\jenright\AppData\Roaming\Code\User\globalStorage\vexrobotics.vexcode\sdk\cpp\EXP\EXP_20240802_15_00_00/vexexp\libexprt.a(exp_apijump.c.o)
                              c:\Users\jenright\AppData\Roaming\Code\User\globalStorage\vexrobotics.vexcode\sdk\cpp\EXP\EXP_20240802_15_00_00/vexexp\libexprt.a(exp_startup.c.o) (vexTaskAdd)
c:\Users\jenright\AppData\Roaming\Code\User\globalStorage\vexrobotics.vexcode\sdk\cpp\EXP\EXP_20240802_15_00_00/vexexp\libexprt.a(exp_apiversions.c.o)
                              c:\Users\jenright\AppData\Roaming\Code\User\globalStorage\vexrobotics.vexcode\sdk\cpp\EXP\EXP_20240802_15_00_00/vexexp\libexprt.a(exp_apijump.c.o) (vexSystemVersion)
c:\Users\jenright\AppData\Roaming\Code\User\globalStorage\vexrobotics.vexcode\sdk\cpp\EXP\EXP_20240802_15_00_00/vexexp\libexprt.a(vex_global.cpp.o)
                              build/src/main.o (vex::PORT2)
c:\Users\jenright\AppData\Roaming\Code\User\globalStorage\vexrobotics.vexcode\sdk\cpp\EXP\EXP_20240802_15_00_00/vexexp\libexprt.a(vex_thread.cpp.o)
                              build/src/main.o (vex::this_thread::sleep_for(unsigned long))
c:\Users\jenright\AppData\Roaming\Code\User\globalStorage\vexrobotics.vexcode\sdk\cpp\EXP\EXP_20240802_15_00_00/vexexp\libexprt.a(vex_brain.cpp.o)
                              build/src/main.o (vex::brain::lcd::setCursor(long, long))
c:\Users\jenright\AppData\Roaming\Code\User\globalStorage\vexrobotics.vexcode\sdk\cpp\EXP\EXP_20240802_15_00_00/vexexp\libexprt.a(vex_triport.cpp.o)
                              c:\Users\jenright\AppData\Roaming\Code\User\globalStorage\vexrobotics.vexcode\sdk\cpp\EXP\EXP_20240802_15_00_00/vexexp\libexprt.a(vex_brain.cpp.o) (vex::triport::~triport())
c:\Users\jenright\AppData\Roaming\Code\User\globalStorage\vexrobotics.vexcode\sdk\cpp\EXP\EXP_20240802_15_00_00/vexexp\libexprt.a(vex_color.cpp.o)
                              c:\Users\jenright\AppData\Roaming\Code\User\globalStorage\vexrobotics.vexcode\sdk\cpp\EXP\EXP_20240802_15_00_00/vexexp\libexprt.a(vex_brain.cpp.o) (vex::color::operator unsigned long() const)
c:\Users\jenright\AppData\Roaming\Code\User\globalStorage\vexrobotics.vexcode\sdk\cpp\EXP\EXP_20240802_15_00_00/vexexp\libexprt.a(vex_timer.cpp.o)
                              c:\Users\jenright\AppData\Roaming\Code\User\globalStorage\vexrobotics.vexcode\sdk\cpp\EXP\EXP_20240802_15_00_00/vexexp\libexprt.a(vex_brain.cpp.o) (vex::timer::~timer())
c:\Users\jenright\AppData\Roaming\Code\User\globalStorage\vexrobotics.vexcode\sdk\cpp\EXP\EXP_20240802_15_00_00/vexexp\libexprt.a(vex_aivision.cpp.o)
                              build/src/main.o (vex::aivision::~aivision())
c:\Users\jenright\AppData\Roaming\Code\User\globalStorage\vexrobotics.vexcode\sdk\cpp\EXP\EXP_20240802_15_00_00/vexexp\libexprt.a(exp_apiuser.c.o)
                              c:\Users\jenright\AppData\Roaming\Code\User\globalStorage\vexrobotics.vexcode\sdk\cpp\EXP\EXP_20240802_15_00_00/vexexp\libexprt.a(vex_triport.cpp.o) (vexAdiPortConfigSet)
c:\Users\jenright\AppData\Roaming\Code\User\globalStorage\vexrobotics.vexcode\sdk\cpp\EXP\EXP_20240802_15_00_00/vexexp\libexprt.a(vex_device.cpp.o)
                              c:\Users\jenright\AppData\Roaming\Code\User\globalStorage\vexrobotics.vexcode\sdk\cpp\EXP\EXP_20240802_15_00_00/vexexp\libexprt.a(vex_triport.cpp.o) (vex::device::~device())
c:\Users\jenright\AppData\Roaming\Code\User\globalStorage\vexrobotics.vexcode\sdk\cpp\EXP\EXP_20240802_15_00_00/vexexp\libexprt.a(vex_event.cpp.o)
                              c:\Users\jenright\AppData\Roaming\Code\User\globalStorage\vexrobotics.vexcode\sdk\cpp\EXP\EXP_20240802_15_00_00/vexexp\libexprt.a(vex_brain.cpp.o) (vex::event::init(unsigned long, unsigned long, void (*)()))
c:\Users\jenright\AppData\Roaming\Code\User\globalStorage\vexrobotics.vexcode\sdk\cpp\EXP\EXP_20240802_15_00_00/vexexp\libexprt.a(vex_mevent.cpp.o)
                              c:\Users\jenright\AppData\Roaming\Code\User\globalStorage\vexrobotics.vexcode\sdk\cpp\EXP\EXP_20240802_15_00_00/vexexp\libexprt.a(vex_triport.cpp.o) (vex::mevent::mevent(unsigned long, unsigned long))
c:\Users\jenright\AppData\Roaming\Code\User\globalStorage\vexrobotics.vexcode\sdk\cpp\EXP\EXP_20240802_15_00_00/vexexp/gcc/libs\libc_nano.a(lib_a-aeabi_atexit.o)
                              c:\Users\jenright\AppData\Roaming\Code\User\globalStorage\vexrobotics.vexcode\sdk\cpp\EXP\EXP_20240802_15_00_00/vexexp\libexprt.a(vex_color.cpp.o) (__aeabi_atexit)
c:\Users\jenright\AppData\Roaming\Code\User\globalStorage\vexrobotics.vexcode\sdk\cpp\EXP\EXP_20240802_15_00_00/vexexp/gcc/libs\libc_nano.a(lib_a-aeabi_memclr.o)
                              build/src/homography.o (__aeabi_memclr8)
[...]
Memory Configuration

Name             Origin             Length             Attributes
SRAM_USER        0x202c0000         0x00080000         xrw
*default*        0x00000000         0xffffffff

Linker script and memory map

                0x00000020                _STACK_SIZE = DEFINED (_STACK_SIZE)?_STACK_SIZE:0x20
                0x00008000                _HEAP_SIZE = DEFINED (_HEAP_SIZE)?_HEAP_SIZE:0x8000

.text           0x202c0000     0xd21a
 *(.vectors)
 *(.boot_data)
 .boot_data     0x202c0000       0x10 c:\Users\jenright\AppData\Roaming\Code\User\globalStorage\vexrobotics.vexcode\sdk\cpp\EXP\EXP_20240802_15_00_00/vexexp\libexprt.a(exp_startup.c.o)
                0x202c0000                vexCodeSig
                0x00000020                . = 0x20
 *fill*         0x202c0010       0x10 
 *(.boot)
 .boot          0x202c0020       0x64 c:\Users\jenright\AppData\Roaming\Code\User\globalStorage\vexrobotics.vexcode\sdk\cpp\EXP\EXP_20240802_15_00_00/vexexp\libexprt.a(exp_startup.c.o)
                0x202c0020                vexStartup
                0x202c00c0                . = ALIGN (0x40)
 *fill*         0x202c0084       0x3c 
 *(.freertos_vectors)
 *(.text)
 .text          0x202c00c0      0xcf4 build/src/homography.o
                0x202c00c0                homography_compute
                0x202c0850                homography_to_pose
                0x202c0b02                homography_to_model_view
                0x202c0d00                quat_to_matrix
 .text          0x202c0db4      0x2bc build/src/svd22.o
                0x202c0db4                svd22
                0x202c0f8a                svd_sym_singular_values
 .text          0x202c1070     0x13fe build/src/apriltag_pose.o
                0x202c1070                calculate_F
                0x202c10c0                matd_to_double
                0x202c1128                orthogonal_iteration
                0x202c14d8                polyval
                0x202c1530                solve_poly_approx
                0x202c1948                fix_pose_ambiguities
                0x202c2140                estimate_pose_for_tag_homography
                0x202c2268                estimate_tag_pose_orthogonal_iteration
                0x202c2400                estimate_tag_pose
 *fill*         0x202c246e        0x2 
 .text          0x202c2470      0x498 build/src/apriltag_aux.o
                0x202c2470                update_homography
 .text          0x202c2908     0x3336 build/src/matd.o
                0x202c2908                matd_create
                0x202c2990                matd_create_scalar
                0x202c29bc                matd_create_data
                0x202c2a24                matd_create_dataf
                0x202c2a94                matd_identity
                0x202c2af6                matd_get
                0x202c2b9a                matd_put
                0x202c2c26                matd_put_scalar
                0x202c2c7c                matd_get_scalar
                0x202c2cd2                matd_copy
                0x202c2d2c                matd_select
                0x202c2e02                matd_print
                0x202c2eba                matd_print_transpose
                0x202c2f8e                matd_destroy
                0x202c2fc8                matd_multiply
                0x202c3138                matd_scale
                0x202c31fc                matd_scale_inplace
                0x202c3276                matd_add
                0x202c33c6                matd_add_inplace
                0x202c34cc                matd_subtract
                0x202c361c                matd_subtract_inplace
                0x202c3722                matd_transpose
                0x202c37d8                matd_det
                0x202c3a9a                matd_inverse
                0x202c3be0                matd_plu
                0x202c3e58                matd_plu_solve
                0x202c3fd6                matd_plu_destroy
                0x202c3ff2                matd_op
                0x202c43b0                matd_vec_mag
                0x202c4440                matd_vec_dist
                0x202c4500                matd_vec_dist_n
                0x202c4608                matd_vec_dot_product
                0x202c46f0                matd_vec_normalize
                0x202c47ae                matd_crossproduct
                0x202c48b0                matd_err_inf
                0x202c4968                matd_svd
                0x202c4974                matd_svd_flags
                0x202c5486                matd_plu_det
                0x202c54ba                matd_plu_p
                0x202c5506                matd_plu_l
                0x202c5586                matd_plu_u
                0x202c55e8                matd_solve
                0x202c5608                matd_chol
                0x202c5780                matd_chol_destroy
                0x202c5796                matd_ltransposetriangle_solve
                0x202c5854                matd_ltriangle_solve
                0x202c58c2                matd_utriangle_solve
                0x202c5948                matd_chol_solve
                0x202c5aa6                matd_chol_inverse
                0x202c5b10                matd_max
 .text          0x202c5c3e       0x9a c:\Users\jenright\AppData\Roaming\Code\User\globalStorage\vexrobotics.vexcode\sdk\cpp\EXP\EXP_20240802_15_00_00/vexexp/gcc/libs\libc_nano.a(lib_a-aeabi_memset-soft.o)
                0x202c5c3e                __aeabi_memset8
                0x202c5c3e                __aeabi_memset4
                0x202c5c3e                __aeabi_memset
 .text          0x202c5cd8       0x10 c:\Users\jenright\AppData\Roaming\Code\User\globalStorage\vexrobotics.vexcode\sdk\cpp\EXP\EXP_20240802_15_00_00/vexexp/gcc/libs\libc_nano.a(lib_a-strlen.o)
                0x202c5cd8                strlen
 *fill*         0x202c5ce8        0x8 
 .text          0x202c5cf0       0xa0 c:\Users\jenright\AppData\Roaming\Code\User\globalStorage\vexrobotics.vexcode\sdk\cpp\EXP\EXP_20240802_15_00_00/vexexp/gcc/libs\libc_nano.a(lib_a-memchr.o)
                0x202c5cf0                memchr
 *(.text.*)
 .text.main     0x202c5d90      0x108 build/src/main.o
                0x202c5d90                main
 .text._GLOBAL__sub_I_main.cpp
                0x202c5e98       0x68 build/src/main.o
 .text._Z18calculate_tag_posePKN3vex8aivision6objectEP15avs_calibrationdP17vex_apriltag_pose
                0x202c5f00      0x148 build/src/vex_apriltag.o
                0x202c5f00                calculate_tag_pose(vex::aivision::object const*, avs_calibration*, double, vex_apriltag_pose*)
 .text.vexMain  0x202c6048       0x60 c:\Users\jenright\AppData\Roaming\Code\User\globalStorage\vexrobotics.vexcode\sdk\cpp\EXP\EXP_20240802_15_00_00/vexexp\libexprt.a(exp_startup.c.o)
                0x202c6048                vexMain
 .text.__vex_function_prolog
                0x202c60a8       0x10 c:\Users\jenright\AppData\Roaming\Code\User\globalStorage\vexrobotics.vexcode\sdk\cpp\EXP\EXP_20240802_15_00_00/vexexp\libexprt.a(exp_startup.c.o)
                0x202c60a8                __vex_function_prolog
 .text._init    0x202c60b8        0x2 c:\Users\jenright\AppData\Roaming\Code\User\globalStorage\vexrobotics.vexcode\sdk\cpp\EXP\EXP_20240802_15_00_00/vexexp\libexprt.a(exp_startup.c.o)
                0x202c60b8                _init
 *fill*         0x202c60ba        0x2 
 .text._sbrk    0x202c60bc       0x38 c:\Users\jenright\AppData\Roaming\Code\User\globalStorage\vexrobotics.vexcode\sdk\cpp\EXP\EXP_20240802_15_00_00/vexexp\libexprt.a(exp_startup.c.o)
                0x202c60bc                _sbrk
 .text._exit    0x202c60f4       0x28 c:\Users\jenright\AppData\Roaming\Code\User\globalStorage\vexrobotics.vexcode\sdk\cpp\EXP\EXP_20240802_15_00_00/vexexp\libexprt.a(exp_startup.c.o)
                0x202c60f4                _exit
 .text._kill    0x202c611c       0x10 c:\Users\jenright\AppData\Roaming\Code\User\globalStorage\vexrobotics.vexcode\sdk\cpp\EXP\EXP_20240802_15_00_00/vexexp\libexprt.a(exp_startup.c.o)
                0x202c611c                _kill
 .text._getpid  0x202c612c        0x4 c:\Users\jenright\AppData\Roaming\Code\User\globalStorage\vexrobotics.vexcode\sdk\cpp\EXP\EXP_20240802_15_00_00/vexexp\libexprt.a(exp_startup.c.o)
                0x202c612c                _getpid
 .text.__cxa_atexit
                0x202c6130        0x4 c:\Users\jenright\AppData\Roaming\Code\User\globalStorage\vexrobotics.vexcode\sdk\cpp\EXP\EXP_20240802_15_00_00/vexexp\libexprt.a(exp_startup.c.o)
                0x202c6130                __cxa_atexit
 .text.vexTaskAdd
                0x202c6134        0xc c:\Users\jenright\AppData\Roaming\Code\User\globalStorage\vexrobotics.vexcode\sdk\cpp\EXP\EXP_20240802_15_00_00/vexexp\libexprt.a(exp_apijump.c.o)
                0x202c6134                vexTaskAdd
 .text.vexTasksRun
                0x202c6140        0xc c:\Users\jenright\AppData\Roaming\Code\User\globalStorage\vexrobotics.vexcode\sdk\cpp\EXP\EXP_20240802_15_00_00/vexexp\libexprt.a(exp_apijump.c.o)
                0x202c6140                vexTasksRun
 .text.vexTaskCheckTimeslice
                0x202c614c        0xc c:\Users\jenright\AppData\Roaming\Code\User\globalStorage\vexrobotics.vexcode\sdk\cpp\EXP\EXP_20240802_15_00_00/vexexp\libexprt.a(exp_apijump.c.o)
                0x202c614c                vexTaskCheckTimeslice
 .text.vexTaskGetIndex
                0x202c6158        0xc c:\Users\jenright\AppData\Roaming\Code\User\globalStorage\vexrobotics.vexcode\sdk\cpp\EXP\EXP_20240802_15_00_00/vexexp\libexprt.a(exp_apijump.c.o)
                0x202c6158                vexTaskGetIndex
 .text.vexTaskSleep
                0x202c6164        0xc c:\Users\jenright\AppData\Roaming\Code\User\globalStorage\vexrobotics.vexcode\sdk\cpp\EXP\EXP_20240802_15_00_00/vexexp\libexprt.a(exp_apijump.c.o)
                0x202c6164                vexTaskSleep
 .text.vexTasksDump
                0x202c6170       0x18 c:\Users\jenright\AppData\Roaming\Code\User\globalStorage\vexrobotics.vexcode\sdk\cpp\EXP\EXP_20240802_15_00_00/vexexp\libexprt.a(exp_apijump.c.o)
                0x202c6170                vexTasksDump
 .text.vexTaskGetTaskIndex
                0x202c6188        0xc c:\Users\jenright\AppData\Roaming\Code\User\globalStorage\vexrobotics.vexcode\sdk\cpp\EXP\EXP_20240802_15_00_00/vexexp\libexprt.a(exp_apijump.c.o)
                0x202c6188                vexTaskGetTaskIndex
 .text.vexTaskCompletionIdSet
                0x202c6194        0xc c:\Users\jenright\AppData\Roaming\Code\User\globalStorage\vexrobotics.vexcode\sdk\cpp\EXP\EXP_20240802_15_00_00/vexexp\libexprt.a(exp_apijump.c.o)
                0x202c6194                vexTaskCompletionIdSet
 .text.vexDisplayContextSwitch
                0x202c61a0        0xc c:\Users\jenright\AppData\Roaming\Code\User\globalStorage\vexrobotics.vexcode\sdk\cpp\EXP\EXP_20240802_15_00_00/vexexp\libexprt.a(exp_apijump.c.o)
                0x202c61a0                vexDisplayContextSwitch
 .text.vexEventAdd
                0x202c61ac       0x24 c:\Users\jenright\AppData\Roaming\Code\User\globalStorage\vexrobotics.vexcode\sdk\cpp\EXP\EXP_20240802_15_00_00/vexexp\libexprt.a(exp_apijump.c.o)
                0x202c61ac                vexEventAdd
 .text.vexDebug
                0x202c61d0       0x2c c:\Users\jenright\AppData\Roaming\Code\User\globalStorage\vexrobotics.vexcode\sdk\cpp\EXP\EXP_20240802_15_00_00/vexexp\libexprt.a(exp_apijump.c.o)
                0x202c61d0                vexDebug
 .text.vex_vsnprintf
                0x202c61fc       0x2c c:\Users\jenright\AppData\Roaming\Code\User\globalStorage\vexrobotics.vexcode\sdk\cpp\EXP\EXP_20240802_15_00_00/vexexp\libexprt.a(exp_apijump.c.o)
                0x202c61fc                vex_vsnprintf
 .text.vexSystemTimeGet
                0x202c6228       0x18 c:\Users\jenright\AppData\Roaming\Code\User\globalStorage\vexrobotics.vexcode\sdk\cpp\EXP\EXP_20240802_15_00_00/vexexp\libexprt.a(exp_apijump.c.o)
                0x202c6228                vexSystemTimeGet
 .text._write_user
                0x202c6240       0x28 c:\Users\jenright\AppData\Roaming\Code\User\globalStorage\vexrobotics.vexcode\sdk\cpp\EXP\EXP_20240802_15_00_00/vexexp\libexprt.a(exp_apijump.c.o)
                0x202c6240                _write_user
 .text._read_user
                0x202c6268       0x28 c:\Users\jenright\AppData\Roaming\Code\User\globalStorage\vexrobotics.vexcode\sdk\cpp\EXP\EXP_20240802_15_00_00/vexexp\libexprt.a(exp_apijump.c.o)
                0x202c6268                _read_user
 .text._close_user
                0x202c6290       0x14 c:\Users\jenright\AppData\Roaming\Code\User\globalStorage\vexrobotics.vexcode\sdk\cpp\EXP\EXP_20240802_15_00_00/vexexp\libexprt.a(exp_apijump.c.o)
                0x202c6290                _close_user
 .text._lseek_user
                0x202c62a4       0x28 c:\Users\jenright\AppData\Roaming\Code\User\globalStorage\vexrobotics.vexcode\sdk\cpp\EXP\EXP_20240802_15_00_00/vexexp\libexprt.a(exp_apijump.c.o)
                0x202c62a4                _lseek_user
 .text._fstat_user
                0x202c62cc       0x1c c:\Users\jenright\AppData\Roaming\Code\User\globalStorage\vexrobotics.vexcode\sdk\cpp\EXP\EXP_20240802_15_00_00/vexexp\libexprt.a(exp_apijump.c.o)
                0x202c62cc                _fstat_user
 .text._isatty_user
                0x202c62e8       0x18 c:\Users\jenright\AppData\Roaming\Code\User\globalStorage\vexrobotics.vexcode\sdk\cpp\EXP\EXP_20240802_15_00_00/vexexp\libexprt.a(exp_apijump.c.o)
                0x202c62e8                _isatty_user
 .text.vexDeviceGetByIndex
                0x202c6300       0x1c c:\Users\jenright\AppData\Roaming\Code\User\globalStorage\vexrobotics.vexcode\sdk\cpp\EXP\EXP_20240802_15_00_00/vexexp\libexprt.a(exp_apijump.c.o)
                0x202c6300                vexDeviceGetByIndex
 .text.vexDeviceAiVisionModeSet
                0x202c631c       0x30 c:\Users\jenright\AppData\Roaming\Code\User\globalStorage\vexrobotics.vexcode\sdk\cpp\EXP\EXP_20240802_15_00_00/vexexp\libexprt.a(exp_apijump.c.o)
                0x202c631c                vexDeviceAiVisionModeSet
 .text.vexDeviceAiVisionObjectCountGet
                0x202c634c       0x2c c:\Users\jenright\AppData\Roaming\Code\User\globalStorage\vexrobotics.vexcode\sdk\cpp\EXP\EXP_20240802_15_00_00/vexexp\libexprt.a(exp_apijump.c.o)
                0x202c634c                vexDeviceAiVisionObjectCountGet
 .text.vexDeviceAiVisionObjectGet
                0x202c6378       0x34 c:\Users\jenright\AppData\Roaming\Code\User\globalStorage\vexrobotics.vexcode\sdk\cpp\EXP\EXP_20240802_15_00_00/vexexp\libexprt.a(exp_apijump.c.o)
                0x202c6378                vexDeviceAiVisionObjectGet
 .text.vexDeviceAiVisionColorGet
                0x202c63ac       0x34 c:\Users\jenright\AppData\Roaming\Code\User\globalStorage\vexrobotics.vexcode\sdk\cpp\EXP\EXP_20240802_15_00_00/vexexp\libexprt.a(exp_apijump.c.o)
                0x202c63ac                vexDeviceAiVisionColorGet
 .text.vexDeviceAiVisionStatusGet
                0x202c63e0       0x2c c:\Users\jenright\AppData\Roaming\Code\User\globalStorage\vexrobotics.vexcode\sdk\cpp\EXP\EXP_20240802_15_00_00/vexexp\libexprt.a(exp_apijump.c.o)
                0x202c63e0                vexDeviceAiVisionStatusGet
 .text.vexDeviceAiVisionClassNameGet
                0x202c640c       0x34 c:\Users\jenright\AppData\Roaming\Code\User\globalStorage\vexrobotics.vexcode\sdk\cpp\EXP\EXP_20240802_15_00_00/vexexp\libexprt.a(exp_apijump.c.o)
                0x202c640c                vexDeviceAiVisionClassNameGet
 .text.vexDisplayForegroundColor
                0x202c6440       0x1c c:\Users\jenright\AppData\Roaming\Code\User\globalStorage\vexrobotics.vexcode\sdk\cpp\EXP\EXP_20240802_15_00_00/vexexp\libexprt.a(exp_apijump.c.o)
                0x202c6440                vexDisplayForegroundColor
 .text.vexDisplayBackgroundColor
                0x202c645c       0x1c c:\Users\jenright\AppData\Roaming\Code\User\globalStorage\vexrobotics.vexcode\sdk\cpp\EXP\EXP_20240802_15_00_00/vexexp\libexprt.a(exp_apijump.c.o)
                0x202c645c                vexDisplayBackgroundColor
 .text.vexDisplayBackgroundColorGet
                0x202c6478       0x18 c:\Users\jenright\AppData\Roaming\Code\User\globalStorage\vexrobotics.vexcode\sdk\cpp\EXP\EXP_20240802_15_00_00/vexexp\libexprt.a(exp_apijump.c.o)
                0x202c6478                vexDisplayBackgroundColorGet
 .text.vexDisplayRectClear
                0x202c6490       0x34 c:\Users\jenright\AppData\Roaming\Code\User\globalStorage\vexrobotics.vexcode\sdk\cpp\EXP\EXP_20240802_15_00_00/vexexp\libexprt.a(exp_apijump.c.o)
                0x202c6490                vexDisplayRectClear
 .text.vexDisplayVPrintf
                0x202c64c4       0x38 c:\Users\jenright\AppData\Roaming\Code\User\globalStorage\vexrobotics.vexcode\sdk\cpp\EXP\EXP_20240802_15_00_00/vexexp\libexprt.a(exp_apijump.c.o)
                0x202c64c4                vexDisplayVPrintf
 .text.vexDisplayTextReference
                0x202c64fc       0x1c c:\Users\jenright\AppData\Roaming\Code\User\globalStorage\vexrobotics.vexcode\sdk\cpp\EXP\EXP_20240802_15_00_00/vexexp\libexprt.a(exp_apijump.c.o)
                0x202c64fc                vexDisplayTextReference
 .text.vexDisplayTextSize
                0x202c6518       0x20 c:\Users\jenright\AppData\Roaming\Code\User\globalStorage\vexrobotics.vexcode\sdk\cpp\EXP\EXP_20240802_15_00_00/vexexp\libexprt.a(exp_apijump.c.o)
                0x202c6518                vexDisplayTextSize
 .text.vexDisplayFontNamedSet
                0x202c6538       0x1c c:\Users\jenright\AppData\Roaming\Code\User\globalStorage\vexrobotics.vexcode\sdk\cpp\EXP\EXP_20240802_15_00_00/vexexp\libexprt.a(exp_apijump.c.o)
                0x202c6538                vexDisplayFontNamedSet
 .text.vexDisplayStringWidthGet
                0x202c6554       0x1c c:\Users\jenright\AppData\Roaming\Code\User\globalStorage\vexrobotics.vexcode\sdk\cpp\EXP\EXP_20240802_15_00_00/vexexp\libexprt.a(exp_apijump.c.o)
                0x202c6554                vexDisplayStringWidthGet
 .text.vexDeviceEventMaskSet
                0x202c6570       0x24 c:\Users\jenright\AppData\Roaming\Code\User\globalStorage\vexrobotics.vexcode\sdk\cpp\EXP\EXP_20240802_15_00_00/vexexp\libexprt.a(exp_apijump.c.o)
                0x202c6570                vexDeviceEventMaskSet
 .text.vexDeviceEventMaskGet
                0x202c6594        0xc c:\Users\jenright\AppData\Roaming\Code\User\globalStorage\vexrobotics.vexcode\sdk\cpp\EXP\EXP_20240802_15_00_00/vexexp\libexprt.a(exp_apijump.c.o)
                0x202c6594                vexDeviceEventMaskGet
 .text.vexSystemVersion
                0x202c65a0        0xc c:\Users\jenright\AppData\Roaming\Code\User\globalStorage\vexrobotics.vexcode\sdk\cpp\EXP\EXP_20240802_15_00_00/vexexp\libexprt.a(exp_apiversions.c.o)
                0x202c65a0                vexSystemVersion
 .text._ZN3vex11this_thread9sleep_forEm
                0x202c65ac        0x4 c:\Users\jenright\AppData\Roaming\Code\User\globalStorage\vexrobotics.vexcode\sdk\cpp\EXP\EXP_20240802_15_00_00/vexexp\libexprt.a(vex_thread.cpp.o)
                0x202c65ac                vex::this_thread::sleep_for(unsigned long)
 .text._ZN3vex5brain3lcd9setCursorEll
                0x202c65b0       0x2c c:\Users\jenright\AppData\Roaming\Code\User\globalStorage\vexrobotics.vexcode\sdk\cpp\EXP\EXP_20240802_15_00_00/vexexp\libexprt.a(vex_brain.cpp.o)
                0x202c65b0                vex::brain::lcd::setCursor(long, long)
 .text._ZN3vex5brain3lcd7setFontENS_8fontTypeE
                0x202c65dc      0x14c c:\Users\jenright\AppData\Roaming\Code\User\globalStorage\vexrobotics.vexcode\sdk\cpp\EXP\EXP_20240802_15_00_00/vexexp\libexprt.a(vex_brain.cpp.o)
                0x202c65dc                vex::brain::lcd::setFont(vex::fontType)
 .text._ZN3vex5brain3lcdC2Ev
                0x202c6728       0x34 c:\Users\jenright\AppData\Roaming\Code\User\globalStorage\vexrobotics.vexcode\sdk\cpp\EXP\EXP_20240802_15_00_00/vexexp\libexprt.a(vex_brain.cpp.o)
                0x202c6728                vex::brain::lcd::lcd()
                0x202c6728                vex::brain::lcd::lcd()
 .text._ZN3vex5brainC2Ev
                0x202c675c       0x48 c:\Users\jenright\AppData\Roaming\Code\User\globalStorage\vexrobotics.vexcode\sdk\cpp\EXP\EXP_20240802_15_00_00/vexexp\libexprt.a(vex_brain.cpp.o)
                0x202c675c                vex::brain::brain()
                0x202c675c                vex::brain::brain()
 .text._ZN3vex5brain3lcd7printAtEllPKcz
                0x202c67a4       0x3a c:\Users\jenright\AppData\Roaming\Code\User\globalStorage\vexrobotics.vexcode\sdk\cpp\EXP\EXP_20240802_15_00_00/vexexp\libexprt.a(vex_brain.cpp.o)
                0x202c67a4                vex::brain::lcd::printAt(long, long, char const*, ...)
 .text._ZN3vex5brain3lcd12_clearScreenEm
                0x202c67de       0x26 c:\Users\jenright\AppData\Roaming\Code\User\globalStorage\vexrobotics.vexcode\sdk\cpp\EXP\EXP_20240802_15_00_00/vexexp\libexprt.a(vex_brain.cpp.o)
                0x202c67de                vex::brain::lcd::_clearScreen(unsigned long)
 .text._ZN3vex5brain3lcd11clearScreenERKNS_5colorE
                0x202c6804       0x16 c:\Users\jenright\AppData\Roaming\Code\User\globalStorage\vexrobotics.vexcode\sdk\cpp\EXP\EXP_20240802_15_00_00/vexexp\libexprt.a(vex_brain.cpp.o)
                0x202c6804                vex::brain::lcd::clearScreen(vex::color const&)
 *fill*         0x202c681a        0x2 
 .text._ZN3vex5brain3lcd11clearScreenEv
                0x202c681c        0xc c:\Users\jenright\AppData\Roaming\Code\User\globalStorage\vexrobotics.vexcode\sdk\cpp\EXP\EXP_20240802_15_00_00/vexexp\libexprt.a(vex_brain.cpp.o)
                0x202c681c                vex::brain::lcd::clearScreen()
 .text._ZN3vex5brain3lcd10rowToPixelEl
                0x202c6828       0x20 c:\Users\jenright\AppData\Roaming\Code\User\globalStorage\vexrobotics.vexcode\sdk\cpp\EXP\EXP_20240802_15_00_00/vexexp\libexprt.a(vex_brain.cpp.o)
                0x202c6828                vex::brain::lcd::rowToPixel(long)
 .text._ZN3vex5brain3lcd5printEPKcz
                0x202c6848       0x76 c:\Users\jenright\AppData\Roaming\Code\User\globalStorage\vexrobotics.vexcode\sdk\cpp\EXP\EXP_20240802_15_00_00/vexexp\libexprt.a(vex_brain.cpp.o)
                0x202c6848                vex::brain::lcd::print(char const*, ...)
 .text._ZN3vex5brainD2Ev
                0x202c68be       0x18 c:\Users\jenright\AppData\Roaming\Code\User\globalStorage\vexrobotics.vexcode\sdk\cpp\EXP\EXP_20240802_15_00_00/vexexp\libexprt.a(vex_brain.cpp.o)
                0x202c68be                vex::brain::~brain()
                0x202c68be                vex::brain::~brain()
 *fill*         0x202c68d6        0x2 
 .text._ZN3vex7triportD2Ev
                0x202c68d8       0x28 c:\Users\jenright\AppData\Roaming\Code\User\globalStorage\vexrobotics.vexcode\sdk\cpp\EXP\EXP_20240802_15_00_00/vexexp\libexprt.a(vex_triport.cpp.o)
                0x202c68d8                vex::triport::~triport()
                0x202c68d8                vex::triport::~triport()
 .text._ZN3vex7triportD0Ev
                0x202c6900       0x12 c:\Users\jenright\AppData\Roaming\Code\User\globalStorage\vexrobotics.vexcode\sdk\cpp\EXP\EXP_20240802_15_00_00/vexexp\libexprt.a(vex_triport.cpp.o)
                0x202c6900                vex::triport::~triport()
 .text._ZN3vex7triport9installedEv
                0x202c6912       0x10 c:\Users\jenright\AppData\Roaming\Code\User\globalStorage\vexrobotics.vexcode\sdk\cpp\EXP\EXP_20240802_15_00_00/vexexp\libexprt.a(vex_triport.cpp.o)
                0x202c6912                vex::triport::installed()
 .text._ZN3vex7triport4portC2ElPS0_
                0x202c6922       0x48 c:\Users\jenright\AppData\Roaming\Code\User\globalStorage\vexrobotics.vexcode\sdk\cpp\EXP\EXP_20240802_15_00_00/vexexp\libexprt.a(vex_triport.cpp.o)
                0x202c6922                vex::triport::port::port(long, vex::triport*)
                0x202c6922                vex::triport::port::port(long, vex::triport*)
 *fill*         0x202c696a        0x2 
 .text._ZN3vex7triportC2El
                0x202c696c       0xb0 c:\Users\jenright\AppData\Roaming\Code\User\globalStorage\vexrobotics.vexcode\sdk\cpp\EXP\EXP_20240802_15_00_00/vexexp\libexprt.a(vex_triport.cpp.o)
                0x202c696c                vex::triport::triport(long)
                0x202c696c                vex::triport::triport(long)
 .text._ZN3vex5colorD2Ev
                0x202c6a1c        0x2 c:\Users\jenright\AppData\Roaming\Code\User\globalStorage\vexrobotics.vexcode\sdk\cpp\EXP\EXP_20240802_15_00_00/vexexp\libexprt.a(vex_color.cpp.o)
                0x202c6a1c                vex::color::~color()
                0x202c6a1c                vex::color::~color()
 .text._ZN3vex5colorC2Ev
                0x202c6a1e        0x8 c:\Users\jenright\AppData\Roaming\Code\User\globalStorage\vexrobotics.vexcode\sdk\cpp\EXP\EXP_20240802_15_00_00/vexexp\libexprt.a(vex_color.cpp.o)
                0x202c6a1e                vex::color::color()
                0x202c6a1e                vex::color::color()
 .text._ZN3vex5color3rgbEm
                0x202c6a26        0xa c:\Users\jenright\AppData\Roaming\Code\User\globalStorage\vexrobotics.vexcode\sdk\cpp\EXP\EXP_20240802_15_00_00/vexexp\libexprt.a(vex_color.cpp.o)
                0x202c6a26                vex::color::rgb(unsigned long)
 .text._ZN3vex5color3rgbEhhh
                0x202c6a30       0x12 c:\Users\jenright\AppData\Roaming\Code\User\globalStorage\vexrobotics.vexcode\sdk\cpp\EXP\EXP_20240802_15_00_00/vexexp\libexprt.a(vex_color.cpp.o)
                0x202c6a30                vex::color::rgb(unsigned char, unsigned char, unsigned char)
 .text._ZNK3vex5color3rgbEv
                0x202c6a42        0x4 c:\Users\jenright\AppData\Roaming\Code\User\globalStorage\vexrobotics.vexcode\sdk\cpp\EXP\EXP_20240802_15_00_00/vexexp\libexprt.a(vex_color.cpp.o)
                0x202c6a42                vex::color::rgb() const
 .text._ZNK3vex5colorcvmEv
                0x202c6a46        0x4 c:\Users\jenright\AppData\Roaming\Code\User\globalStorage\vexrobotics.vexcode\sdk\cpp\EXP\EXP_20240802_15_00_00/vexexp\libexprt.a(vex_color.cpp.o)
                0x202c6a46                vex::color::operator unsigned long() const
 *fill*         0x202c6a4a        0x2 
 .text.startup._GLOBAL__sub_I__ZN3vex5color5blackE
                0x202c6a4c       0xec c:\Users\jenright\AppData\Roaming\Code\User\globalStorage\vexrobotics.vexcode\sdk\cpp\EXP\EXP_20240802_15_00_00/vexexp\libexprt.a(vex_color.cpp.o)
 .text._ZN3vex5timerD2Ev
                0x202c6b38        0x2 c:\Users\jenright\AppData\Roaming\Code\User\globalStorage\vexrobotics.vexcode\sdk\cpp\EXP\EXP_20240802_15_00_00/vexexp\libexprt.a(vex_timer.cpp.o)
                0x202c6b38                vex::timer::~timer()
                0x202c6b38                vex::timer::~timer()
 .text._ZN3vex5timer5clearEv
                0x202c6b3a       0x10 c:\Users\jenright\AppData\Roaming\Code\User\globalStorage\vexrobotics.vexcode\sdk\cpp\EXP\EXP_20240802_15_00_00/vexexp\libexprt.a(vex_timer.cpp.o)
                0x202c6b3a                vex::timer::clear()
 .text._ZN3vex5timerC2Ev
                0x202c6b4a        0xc c:\Users\jenright\AppData\Roaming\Code\User\globalStorage\vexrobotics.vexcode\sdk\cpp\EXP\EXP_20240802_15_00_00/vexexp\libexprt.a(vex_timer.cpp.o)
                0x202c6b4a                vex::timer::timer()
                0x202c6b4a                vex::timer::timer()
 .text._ZN3vex8aivision9colordescD2Ev
                0x202c6b56        0x2 c:\Users\jenright\AppData\Roaming\Code\User\globalStorage\vexrobotics.vexcode\sdk\cpp\EXP\EXP_20240802_15_00_00/vexexp\libexprt.a(vex_aivision.cpp.o)
                0x202c6b56                vex::aivision::colordesc::~colordesc()
                0x202c6b56                vex::aivision::colordesc::~colordesc()
 .text._ZN3vex8aivision9installedEv
                0x202c6b58       0x10 c:\Users\jenright\AppData\Roaming\Code\User\globalStorage\vexrobotics.vexcode\sdk\cpp\EXP\EXP_20240802_15_00_00/vexexp\libexprt.a(vex_aivision.cpp.o)
                0x202c6b58                vex::aivision::installed()
 .text._ZN3vex8aivisionD2Ev
                0x202c6b68       0x40 c:\Users\jenright\AppData\Roaming\Code\User\globalStorage\vexrobotics.vexcode\sdk\cpp\EXP\EXP_20240802_15_00_00/vexexp\libexprt.a(vex_aivision.cpp.o)
                0x202c6b68                vex::aivision::~aivision()
                0x202c6b68                vex::aivision::~aivision()
 .text._ZN3vex8aivisionD0Ev
                0x202c6ba8       0x12 c:\Users\jenright\AppData\Roaming\Code\User\globalStorage\vexrobotics.vexcode\sdk\cpp\EXP\EXP_20240802_15_00_00/vexexp\libexprt.a(vex_aivision.cpp.o)
                0x202c6ba8                vex::aivision::~aivision()
 .text._ZN3vex8aivision5resetEv
                0x202c6bba        0xa c:\Users\jenright\AppData\Roaming\Code\User\globalStorage\vexrobotics.vexcode\sdk\cpp\EXP\EXP_20240802_15_00_00/vexexp\libexprt.a(vex_aivision.cpp.o)
                0x202c6bba                vex::aivision::reset()
 .text._ZN3vex8aivision14colorDetectionEbb
                0x202c6bc4       0x38 c:\Users\jenright\AppData\Roaming\Code\User\globalStorage\vexrobotics.vexcode\sdk\cpp\EXP\EXP_20240802_15_00_00/vexexp\libexprt.a(vex_aivision.cpp.o)
                0x202c6bc4                vex::aivision::colorDetection(bool, bool)
 .text._ZN3vex8aivision12tagDetectionEb
                0x202c6bfc       0x2a c:\Users\jenright\AppData\Roaming\Code\User\globalStorage\vexrobotics.vexcode\sdk\cpp\EXP\EXP_20240802_15_00_00/vexexp\libexprt.a(vex_aivision.cpp.o)
                0x202c6bfc                vex::aivision::tagDetection(bool)
 .text._ZN3vex8aivision10usbOverlayEb
                0x202c6c26       0x2a c:\Users\jenright\AppData\Roaming\Code\User\globalStorage\vexrobotics.vexcode\sdk\cpp\EXP\EXP_20240802_15_00_00/vexexp\libexprt.a(vex_aivision.cpp.o)
                0x202c6c26                vex::aivision::usbOverlay(bool)
 .text._ZN3vex8aivision20setObjectDescriptionERKNS0_7tagdescE
                0x202c6c50       0x16 c:\Users\jenright\AppData\Roaming\Code\User\globalStorage\vexrobotics.vexcode\sdk\cpp\EXP\EXP_20240802_15_00_00/vexexp\libexprt.a(vex_aivision.cpp.o)
                0x202c6c50                vex::aivision::setObjectDescription(vex::aivision::tagdesc const&)
 .text._ZN3vex8aivision21_setObjectDescriptionEv
                0x202c6c66       0x28 c:\Users\jenright\AppData\Roaming\Code\User\globalStorage\vexrobotics.vexcode\sdk\cpp\EXP\EXP_20240802_15_00_00/vexexp\libexprt.a(vex_aivision.cpp.o)
                0x202c6c66                vex::aivision::_setObjectDescription()
 .text._ZN3vex8aivision9colordesc5clearEv
                0x202c6c8e       0x12 c:\Users\jenright\AppData\Roaming\Code\User\globalStorage\vexrobotics.vexcode\sdk\cpp\EXP\EXP_20240802_15_00_00/vexexp\libexprt.a(vex_aivision.cpp.o)
                0x202c6c8e                vex::aivision::colordesc::clear()
 .text._ZN3vex8aivision9colordescC2Ev
                0x202c6ca0       0x30 c:\Users\jenright\AppData\Roaming\Code\User\globalStorage\vexrobotics.vexcode\sdk\cpp\EXP\EXP_20240802_15_00_00/vexexp\libexprt.a(vex_aivision.cpp.o)
                0x202c6ca0                vex::aivision::colordesc::colordesc()
                0x202c6ca0                vex::aivision::colordesc::colordesc()
 .text._ZN3vex8aivision6object3setE24_V5_DeviceAiVisionObjectPc
                0x202c6cd0      0x210 c:\Users\jenright\AppData\Roaming\Code\User\globalStorage\vexrobotics.vexcode\sdk\cpp\EXP\EXP_20240802_15_00_00/vexexp\libexprt.a(vex_aivision.cpp.o)
                0x202c6cd0                vex::aivision::object::set(_V5_DeviceAiVisionObject, char*)
 .text._ZN3vex8aivision6object5clearEv
                0x202c6ee0       0x58 c:\Users\jenright\AppData\Roaming\Code\User\globalStorage\vexrobotics.vexcode\sdk\cpp\EXP\EXP_20240802_15_00_00/vexexp\libexprt.a(vex_aivision.cpp.o)
                0x202c6ee0                vex::aivision::object::clear()
 .text._ZN3vex8aivision6objectC2Ev
                0x202c6f38       0x6e c:\Users\jenright\AppData\Roaming\Code\User\globalStorage\vexrobotics.vexcode\sdk\cpp\EXP\EXP_20240802_15_00_00/vexexp\libexprt.a(vex_aivision.cpp.o)
                0x202c6f38                vex::aivision::object::object()
                0x202c6f38                vex::aivision::object::object()
 .text._ZN3vex8aivision6objectaSERKS1_
                0x202c6fa6       0x9c c:\Users\jenright\AppData\Roaming\Code\User\globalStorage\vexrobotics.vexcode\sdk\cpp\EXP\EXP_20240802_15_00_00/vexexp\libexprt.a(vex_aivision.cpp.o)
                0x202c6fa6                vex::aivision::object::operator=(vex::aivision::object const&)
 .text._ZN3vex8aivision6objectaSEl
                0x202c7042       0x54 c:\Users\jenright\AppData\Roaming\Code\User\globalStorage\vexrobotics.vexcode\sdk\cpp\EXP\EXP_20240802_15_00_00/vexexp\libexprt.a(vex_aivision.cpp.o)
                0x202c7042                vex::aivision::object::operator=(long)
 .text._ZN3vex9safearrayINS_8aivision6objectELi24EEixEi
                0x202c7096       0x1a c:\Users\jenright\AppData\Roaming\Code\User\globalStorage\vexrobotics.vexcode\sdk\cpp\EXP\EXP_20240802_15_00_00/vexexp\libexprt.a(vex_aivision.cpp.o)
                0x202c7096                vex::safearray<vex::aivision::object, 24>::operator[](int)
 .text._ZN3vex8aivision13_clearObjectsEv
                0x202c70b0       0x26 c:\Users\jenright\AppData\Roaming\Code\User\globalStorage\vexrobotics.vexcode\sdk\cpp\EXP\EXP_20240802_15_00_00/vexexp\libexprt.a(vex_aivision.cpp.o)
                0x202c70b0                vex::aivision::_clearObjects()
 *fill*         0x202c70d6        0x2 
 .text._ZN3vex8aivisionC2El
                0x202c70d8       0x70 c:\Users\jenright\AppData\Roaming\Code\User\globalStorage\vexrobotics.vexcode\sdk\cpp\EXP\EXP_20240802_15_00_00/vexexp\libexprt.a(vex_aivision.cpp.o)
                0x202c70d8                vex::aivision::aivision(long)
                0x202c70d8                vex::aivision::aivision(long)
 .text._ZN3vex8aivision12takeSnapshotEmNS0_10objectTypeEm
                0x202c7148      0x1bc c:\Users\jenright\AppData\Roaming\Code\User\globalStorage\vexrobotics.vexcode\sdk\cpp\EXP\EXP_20240802_15_00_00/vexexp\libexprt.a(vex_aivision.cpp.o)
                0x202c7148                vex::aivision::takeSnapshot(unsigned long, vex::aivision::objectType, unsigned long)
 .text._ZN3vex8aivision12takeSnapshotERKNS0_7tagdescEl
                0x202c7304        0xc c:\Users\jenright\AppData\Roaming\Code\User\globalStorage\vexrobotics.vexcode\sdk\cpp\EXP\EXP_20240802_15_00_00/vexexp\libexprt.a(vex_aivision.cpp.o)
                0x202c7304                vex::aivision::takeSnapshot(vex::aivision::tagdesc const&, long)
 .text.startup._GLOBAL__sub_I__ZN3vex8aivision8ALL_TAGSE
                0x202c7310       0x70 c:\Users\jenright\AppData\Roaming\Code\User\globalStorage\vexrobotics.vexcode\sdk\cpp\EXP\EXP_20240802_15_00_00/vexexp\libexprt.a(vex_aivision.cpp.o)
 .text.vexAiVisionModeSet
                0x202c7380       0x16 c:\Users\jenright\AppData\Roaming\Code\User\globalStorage\vexrobotics.vexcode\sdk\cpp\EXP\EXP_20240802_15_00_00/vexexp\libexprt.a(exp_apiuser.c.o)
                0x202c7380                vexAiVisionModeSet
 .text.vexAiVisionObjectCountGet
                0x202c7396       0x12 c:\Users\jenright\AppData\Roaming\Code\User\globalStorage\vexrobotics.vexcode\sdk\cpp\EXP\EXP_20240802_15_00_00/vexexp\libexprt.a(exp_apiuser.c.o)
                0x202c7396                vexAiVisionObjectCountGet
 .text.vexAiVisionObjectGet
                0x202c73a8       0x1a c:\Users\jenright\AppData\Roaming\Code\User\globalStorage\vexrobotics.vexcode\sdk\cpp\EXP\EXP_20240802_15_00_00/vexexp\libexprt.a(exp_apiuser.c.o)
                0x202c73a8                vexAiVisionObjectGet
 .text.vexAiVisionColorGet
                0x202c73c2       0x1a c:\Users\jenright\AppData\Roaming\Code\User\globalStorage\vexrobotics.vexcode\sdk\cpp\EXP\EXP_20240802_15_00_00/vexexp\libexprt.a(exp_apiuser.c.o)
                0x202c73c2                vexAiVisionColorGet
 .text.vexAiVisionStatusGet
                0x202c73dc        0xe c:\Users\jenright\AppData\Roaming\Code\User\globalStorage\vexrobotics.vexcode\sdk\cpp\EXP\EXP_20240802_15_00_00/vexexp\libexprt.a(exp_apiuser.c.o)
                0x202c73dc                vexAiVisionStatusGet
 .text.vexAiVisionClassNameGet
                0x202c73ea       0x16 c:\Users\jenright\AppData\Roaming\Code\User\globalStorage\vexrobotics.vexcode\sdk\cpp\EXP\EXP_20240802_15_00_00/vexexp\libexprt.a(exp_apiuser.c.o)
                0x202c73ea                vexAiVisionClassNameGet
 .text.vexEventMaskSet
                0x202c7400       0x1a c:\Users\jenright\AppData\Roaming\Code\User\globalStorage\vexrobotics.vexcode\sdk\cpp\EXP\EXP_20240802_15_00_00/vexexp\libexprt.a(exp_apiuser.c.o)
                0x202c7400                vexEventMaskSet
 .text.vexEventMaskGet
                0x202c741a       0x12 c:\Users\jenright\AppData\Roaming\Code\User\globalStorage\vexrobotics.vexcode\sdk\cpp\EXP\EXP_20240802_15_00_00/vexexp\libexprt.a(exp_apiuser.c.o)
                0x202c741a                vexEventMaskGet
 .text._ZN3vex6deviceD2Ev
                0x202c742c        0x2 c:\Users\jenright\AppData\Roaming\Code\User\globalStorage\vexrobotics.vexcode\sdk\cpp\EXP\EXP_20240802_15_00_00/vexexp\libexprt.a(vex_device.cpp.o)
                0x202c742c                vex::device::~device()
                0x202c742c                vex::device::~device()
 .text._ZN3vex6device5valueEv
                0x202c742e        0x4 c:\Users\jenright\AppData\Roaming\Code\User\globalStorage\vexrobotics.vexcode\sdk\cpp\EXP\EXP_20240802_15_00_00/vexexp\libexprt.a(vex_device.cpp.o)
                0x202c742e                vex::device::value()
 .text._ZN3vex6deviceD0Ev
                0x202c7432        0xc c:\Users\jenright\AppData\Roaming\Code\User\globalStorage\vexrobotics.vexcode\sdk\cpp\EXP\EXP_20240802_15_00_00/vexexp\libexprt.a(vex_device.cpp.o)
                0x202c7432                vex::device::~device()
 .text._ZN3vex6device4initEl
                0x202c743e       0x1a c:\Users\jenright\AppData\Roaming\Code\User\globalStorage\vexrobotics.vexcode\sdk\cpp\EXP\EXP_20240802_15_00_00/vexexp\libexprt.a(vex_device.cpp.o)
                0x202c743e                vex::device::init(long)
 .text._ZN3vex6deviceC2El
                0x202c7458       0x14 c:\Users\jenright\AppData\Roaming\Code\User\globalStorage\vexrobotics.vexcode\sdk\cpp\EXP\EXP_20240802_15_00_00/vexexp\libexprt.a(vex_device.cpp.o)
                0x202c7458                vex::device::device(long)
                0x202c7458                vex::device::device(long)
 .text._ZN3vex6device4typeEv
                0x202c746c        0x8 c:\Users\jenright\AppData\Roaming\Code\User\globalStorage\vexrobotics.vexcode\sdk\cpp\EXP\EXP_20240802_15_00_00/vexexp\libexprt.a(vex_device.cpp.o)
                0x202c746c                vex::device::type()
 .text._ZN3vex6device9installedEv
                0x202c7474        0xe c:\Users\jenright\AppData\Roaming\Code\User\globalStorage\vexrobotics.vexcode\sdk\cpp\EXP\EXP_20240802_15_00_00/vexexp\libexprt.a(vex_device.cpp.o)
                0x202c7474                vex::device::installed()
 .text._ZN3vex5event4initEmmPFvvE
                0x202c7482        0x4 c:\Users\jenright\AppData\Roaming\Code\User\globalStorage\vexrobotics.vexcode\sdk\cpp\EXP\EXP_20240802_15_00_00/vexexp\libexprt.a(vex_event.cpp.o)
                0x202c7482                vex::event::init(unsigned long, unsigned long, void (*)())
 .text._ZZN3vex6meventC4EmmENUlvE_4_FUNEv
                0x202c7486        0x2 c:\Users\jenright\AppData\Roaming\Code\User\globalStorage\vexrobotics.vexcode\sdk\cpp\EXP\EXP_20240802_15_00_00/vexexp\libexprt.a(vex_mevent.cpp.o)
 .text._ZN3vex6meventC2Emm
                0x202c7488       0x4c c:\Users\jenright\AppData\Roaming\Code\User\globalStorage\vexrobotics.vexcode\sdk\cpp\EXP\EXP_20240802_15_00_00/vexexp\libexprt.a(vex_mevent.cpp.o)
                0x202c7488                vex::mevent::mevent(unsigned long, unsigned long)
                0x202c7488                vex::mevent::mevent(unsigned long, unsigned long)
 .text.__aeabi_atexit
                0x202c74d4        0xa c:\Users\jenright\AppData\Roaming\Code\User\globalStorage\vexrobotics.vexcode\sdk\cpp\EXP\EXP_20240802_15_00_00/vexexp/gcc/libs\libc_nano.a(lib_a-aeabi_atexit.o)
                0x202c74d4                __aeabi_atexit
 .text.__aeabi_memclr
                0x202c74de        0x6 c:\Users\jenright\AppData\Roaming\Code\User\globalStorage\vexrobotics.vexcode\sdk\cpp\EXP\EXP_20240802_15_00_00/vexexp/gcc/libs\libc_nano.a(lib_a-aeabi_memclr.o)
                0x202c74de                __aeabi_memclr
                0x202c74de                __aeabi_memclr4
                0x202c74de                __aeabi_memclr8
 .text.__aeabi_memcpy
                0x202c74e4        0x4 c:\Users\jenright\AppData\Roaming\Code\User\globalStorage\vexrobotics.vexcode\sdk\cpp\EXP\EXP_20240802_15_00_00/vexexp/gcc/libs\libc_nano.a(lib_a-aeabi_memcpy.o)
                0x202c74e4                __aeabi_memcpy4
                0x202c74e4                __aeabi_memcpy8
                0x202c74e4                __aeabi_memcpy
 .text.__assert_func
                0x202c74e8       0x3c c:\Users\jenright\AppData\Roaming\Code\User\globalStorage\vexrobotics.vexcode\sdk\cpp\EXP\EXP_20240802_15_00_00/vexexp/gcc/libs\libc_nano.a(lib_a-assert.o)
                0x202c74e8                __assert_func
 .text.calloc   0x202c7524       0x10 c:\Users\jenright\AppData\Roaming\Code\User\globalStorage\vexrobotics.vexcode\sdk\cpp\EXP\EXP_20240802_15_00_00/vexexp/gcc/libs\libc_nano.a(lib_a-calloc.o)
                0x202c7524                calloc
 .text.__sflush_r
                0x202c7534      0x10c c:\Users\jenright\AppData\Roaming\Code\User\globalStorage\vexrobotics.vexcode\sdk\cpp\EXP\EXP_20240802_15_00_00/vexexp/gcc/libs\libc_nano.a(lib_a-fflush.o)
                0x202c7534                __sflush_r
 .text._fflush_r
                0x202c7640       0x54 c:\Users\jenright\AppData\Roaming\Code\User\globalStorage\vexrobotics.vexcode\sdk\cpp\EXP\EXP_20240802_15_00_00/vexexp/gcc/libs\libc_nano.a(lib_a-fflush.o)
                0x202c7640                _fflush_r
 .text.fflush   0x202c7694       0x24 c:\Users\jenright\AppData\Roaming\Code\User\globalStorage\vexrobotics.vexcode\sdk\cpp\EXP\EXP_20240802_15_00_00/vexexp/gcc/libs\libc_nano.a(lib_a-fflush.o)
                0x202c7694                fflush
 .text.std      0x202c76b8       0x48 c:\Users\jenright\AppData\Roaming\Code\User\globalStorage\vexrobotics.vexcode\sdk\cpp\EXP\EXP_20240802_15_00_00/vexexp/gcc/libs\libc_nano.a(lib_a-findfp.o)
 .text._cleanup_r
                0x202c7700        0xc c:\Users\jenright\AppData\Roaming\Code\User\globalStorage\vexrobotics.vexcode\sdk\cpp\EXP\EXP_20240802_15_00_00/vexexp/gcc/libs\libc_nano.a(lib_a-findfp.o)
                0x202c7700                _cleanup_r
 .text.__sfmoreglue
                0x202c770c       0x2c c:\Users\jenright\AppData\Roaming\Code\User\globalStorage\vexrobotics.vexcode\sdk\cpp\EXP\EXP_20240802_15_00_00/vexexp/gcc/libs\libc_nano.a(lib_a-findfp.o)
                0x202c770c                __sfmoreglue
 .text.__sinit  0x202c7738       0x60 c:\Users\jenright\AppData\Roaming\Code\User\globalStorage\vexrobotics.vexcode\sdk\cpp\EXP\EXP_20240802_15_00_00/vexexp/gcc/libs\libc_nano.a(lib_a-findfp.o)
                0x202c7738                __sinit
 .text.__sfp    0x202c7798       0x78 c:\Users\jenright\AppData\Roaming\Code\User\globalStorage\vexrobotics.vexcode\sdk\cpp\EXP\EXP_20240802_15_00_00/vexexp/gcc/libs\libc_nano.a(lib_a-findfp.o)
                0x202c7798                __sfp
 .text.fprintf  0x202c7810       0x24 c:\Users\jenright\AppData\Roaming\Code\User\globalStorage\vexrobotics.vexcode\sdk\cpp\EXP\EXP_20240802_15_00_00/vexexp/gcc/libs\libc_nano.a(lib_a-fprintf.o)
                0x202c7810                fiprintf
                0x202c7810                fprintf
 .text._fwalk_reent
                0x202c7834       0x3c c:\Users\jenright\AppData\Roaming\Code\User\globalStorage\vexrobotics.vexcode\sdk\cpp\EXP\EXP_20240802_15_00_00/vexexp/gcc/libs\libc_nano.a(lib_a-fwalk.o)
                0x202c7834                _fwalk_reent
 .text.__libc_init_array
                0x202c7870       0x48 c:\Users\jenright\AppData\Roaming\Code\User\globalStorage\vexrobotics.vexcode\sdk\cpp\EXP\EXP_20240802_15_00_00/vexexp/gcc/libs\libc_nano.a(lib_a-init.o)
                0x202c7870                __libc_init_array
 .text.__swhatbuf_r
                0x202c78b8       0x48 c:\Users\jenright\AppData\Roaming\Code\User\globalStorage\vexrobotics.vexcode\sdk\cpp\EXP\EXP_20240802_15_00_00/vexexp/gcc/libs\libc_nano.a(lib_a-makebuf.o)
                0x202c78b8                __swhatbuf_r
 .text.__smakebuf_r
                0x202c7900       0x80 c:\Users\jenright\AppData\Roaming\Code\User\globalStorage\vexrobotics.vexcode\sdk\cpp\EXP\EXP_20240802_15_00_00/vexexp/gcc/libs\libc_nano.a(lib_a-makebuf.o)
                0x202c7900                __smakebuf_r
 .text.malloc   0x202c7980       0x10 c:\Users\jenright\AppData\Roaming\Code\User\globalStorage\vexrobotics.vexcode\sdk\cpp\EXP\EXP_20240802_15_00_00/vexexp/gcc/libs\libc_nano.a(lib_a-malloc.o)
                0x202c7980                malloc
 .text.free     0x202c7990       0x10 c:\Users\jenright\AppData\Roaming\Code\User\globalStorage\vexrobotics.vexcode\sdk\cpp\EXP\EXP_20240802_15_00_00/vexexp/gcc/libs\libc_nano.a(lib_a-malloc.o)
                0x202c7990                free
 .text.memcpy   0x202c79a0       0x16 c:\Users\jenright\AppData\Roaming\Code\User\globalStorage\vexrobotics.vexcode\sdk\cpp\EXP\EXP_20240802_15_00_00/vexexp/gcc/libs\libc_nano.a(lib_a-memcpy-stub.o)
                0x202c79a0                memcpy
 .text.memset   0x202c79b6       0x10 c:\Users\jenright\AppData\Roaming\Code\User\globalStorage\vexrobotics.vexcode\sdk\cpp\EXP\EXP_20240802_15_00_00/vexexp/gcc/libs\libc_nano.a(lib_a-memset.o)
                0x202c79b6                memset
 .text._calloc_r
                0x202c79c6       0x1c c:\Users\jenright\AppData\Roaming\Code\User\globalStorage\vexrobotics.vexcode\sdk\cpp\EXP\EXP_20240802_15_00_00/vexexp/gcc/libs\libc_nano.a(lib_a-nano-callocr.o)
                0x202c79c6                _calloc_r
 *fill*         0x202c79e2        0x2 
 .text._free_r  0x202c79e4       0x9c c:\Users\jenright\AppData\Roaming\Code\User\globalStorage\vexrobotics.vexcode\sdk\cpp\EXP\EXP_20240802_15_00_00/vexexp/gcc/libs\libc_nano.a(lib_a-nano-freer.o)
                0x202c79e4                _free_r
 .text._malloc_r
                0x202c7a80       0xb4 c:\Users\jenright\AppData\Roaming\Code\User\globalStorage\vexrobotics.vexcode\sdk\cpp\EXP\EXP_20240802_15_00_00/vexexp/gcc/libs\libc_nano.a(lib_a-nano-mallocr.o)
                0x202c7a80                _malloc_r
 .text.__sfputc_r
                0x202c7b34       0x2e c:\Users\jenright\AppData\Roaming\Code\User\globalStorage\vexrobotics.vexcode\sdk\cpp\EXP\EXP_20240802_15_00_00/vexexp/gcc/libs\libc_nano.a(lib_a-nano-vfprintf.o)
 .text.__sfputs_r
                0x202c7b62       0x24 c:\Users\jenright\AppData\Roaming\Code\User\globalStorage\vexrobotics.vexcode\sdk\cpp\EXP\EXP_20240802_15_00_00/vexexp/gcc/libs\libc_nano.a(lib_a-nano-vfprintf.o)
                0x202c7b62                __sfputs_r
 *fill*         0x202c7b86        0x2 
 .text._vfprintf_r
                0x202c7b88      0x22c c:\Users\jenright\AppData\Roaming\Code\User\globalStorage\vexrobotics.vexcode\sdk\cpp\EXP\EXP_20240802_15_00_00/vexexp/gcc/libs\libc_nano.a(lib_a-nano-vfprintf.o)
                0x202c7b88                _vfprintf_r
                0x202c7b88                _vfiprintf_r
 .text.__cvt    0x202c7db4       0xa4 c:\Users\jenright\AppData\Roaming\Code\User\globalStorage\vexrobotics.vexcode\sdk\cpp\EXP\EXP_20240802_15_00_00/vexexp/gcc/libs\libc_nano.a(lib_a-nano-vfprintf_float.o)
                0x202c7db4                __cvt
 .text.__exponent
                0x202c7e58       0x66 c:\Users\jenright\AppData\Roaming\Code\User\globalStorage\vexrobotics.vexcode\sdk\cpp\EXP\EXP_20240802_15_00_00/vexexp/gcc/libs\libc_nano.a(lib_a-nano-vfprintf_float.o)
                0x202c7e58                __exponent
 *fill*         0x202c7ebe        0x2 
 .text._printf_float
                0x202c7ec0      0x458 c:\Users\jenright\AppData\Roaming\Code\User\globalStorage\vexrobotics.vexcode\sdk\cpp\EXP\EXP_20240802_15_00_00/vexexp/gcc/libs\libc_nano.a(lib_a-nano-vfprintf_float.o)
                0x202c7ec0                _printf_float
 .text._printf_common
                0x202c8318       0xea c:\Users\jenright\AppData\Roaming\Code\User\globalStorage\vexrobotics.vexcode\sdk\cpp\EXP\EXP_20240802_15_00_00/vexexp/gcc/libs\libc_nano.a(lib_a-nano-vfprintf_i.o)
                0x202c8318                _printf_common
 *fill*         0x202c8402        0x2 
 .text._printf_i
                0x202c8404      0x224 c:\Users\jenright\AppData\Roaming\Code\User\globalStorage\vexrobotics.vexcode\sdk\cpp\EXP\EXP_20240802_15_00_00/vexexp/gcc/libs\libc_nano.a(lib_a-nano-vfprintf_i.o)
                0x202c8404                _printf_i
 .text.printf   0x202c8628       0x30 c:\Users\jenright\AppData\Roaming\Code\User\globalStorage\vexrobotics.vexcode\sdk\cpp\EXP\EXP_20240802_15_00_00/vexexp/gcc/libs\libc_nano.a(lib_a-printf.o)
                0x202c8628                iprintf
                0x202c8628                printf
 .text.putchar  0x202c8658       0x28 c:\Users\jenright\AppData\Roaming\Code\User\globalStorage\vexrobotics.vexcode\sdk\cpp\EXP\EXP_20240802_15_00_00/vexexp/gcc/libs\libc_nano.a(lib_a-putchar.o)
                0x202c8658                putchar
 .text._puts_r  0x202c8680       0xb8 c:\Users\jenright\AppData\Roaming\Code\User\globalStorage\vexrobotics.vexcode\sdk\cpp\EXP\EXP_20240802_15_00_00/vexexp/gcc/libs\libc_nano.a(lib_a-puts.o)
                0x202c8680                _puts_r
 .text.puts     0x202c8738       0x10 c:\Users\jenright\AppData\Roaming\Code\User\globalStorage\vexrobotics.vexcode\sdk\cpp\EXP\EXP_20240802_15_00_00/vexexp/gcc/libs\libc_nano.a(lib_a-puts.o)
                0x202c8738                puts
 .text._sbrk_r  0x202c8748       0x20 c:\Users\jenright\AppData\Roaming\Code\User\globalStorage\vexrobotics.vexcode\sdk\cpp\EXP\EXP_20240802_15_00_00/vexexp/gcc/libs\libc_nano.a(lib_a-sbrkr.o)
                0x202c8748                _sbrk_r
 .text.__sread  0x202c8768       0x22 c:\Users\jenright\AppData\Roaming\Code\User\globalStorage\vexrobotics.vexcode\sdk\cpp\EXP\EXP_20240802_15_00_00/vexexp/gcc/libs\libc_nano.a(lib_a-stdio.o)
                0x202c8768                __sread
 .text.__swrite
                0x202c878a       0x38 c:\Users\jenright\AppData\Roaming\Code\User\globalStorage\vexrobotics.vexcode\sdk\cpp\EXP\EXP_20240802_15_00_00/vexexp/gcc/libs\libc_nano.a(lib_a-stdio.o)
                0x202c878a                __swrite
 .text.__sseek  0x202c87c2       0x24 c:\Users\jenright\AppData\Roaming\Code\User\globalStorage\vexrobotics.vexcode\sdk\cpp\EXP\EXP_20240802_15_00_00/vexexp/gcc/libs\libc_nano.a(lib_a-stdio.o)
                0x202c87c2                __sseek
 .text.__sclose
                0x202c87e6        0x8 c:\Users\jenright\AppData\Roaming\Code\User\globalStorage\vexrobotics.vexcode\sdk\cpp\EXP\EXP_20240802_15_00_00/vexexp/gcc/libs\libc_nano.a(lib_a-stdio.o)
                0x202c87e6                __sclose
 .text.strncpy  0x202c87ee       0x2a c:\Users\jenright\AppData\Roaming\Code\User\globalStorage\vexrobotics.vexcode\sdk\cpp\EXP\EXP_20240802_15_00_00/vexexp/gcc/libs\libc_nano.a(lib_a-strncpy.o)
                0x202c87ee                strncpy
 .text.unlikely.sulp
                0x202c8818       0x34 c:\Users\jenright\AppData\Roaming\Code\User\globalStorage\vexrobotics.vexcode\sdk\cpp\EXP\EXP_20240802_15_00_00/vexexp/gcc/libs\libc_nano.a(lib_a-strtod.o)
 *fill*         0x202c884c        0x4 
 .text._strtod_l
                0x202c8850      0xb90 c:\Users\jenright\AppData\Roaming\Code\User\globalStorage\vexrobotics.vexcode\sdk\cpp\EXP\EXP_20240802_15_00_00/vexexp/gcc/libs\libc_nano.a(lib_a-strtod.o)
                0x202c8850                _strtod_l
 .text.strtod   0x202c93e0       0x28 c:\Users\jenright\AppData\Roaming\Code\User\globalStorage\vexrobotics.vexcode\sdk\cpp\EXP\EXP_20240802_15_00_00/vexexp/gcc/libs\libc_nano.a(lib_a-strtod.o)
                0x202c93e0                strtod
 .text.__swbuf_r
                0x202c9408       0xa4 c:\Users\jenright\AppData\Roaming\Code\User\globalStorage\vexrobotics.vexcode\sdk\cpp\EXP\EXP_20240802_15_00_00/vexexp/gcc/libs\libc_nano.a(lib_a-wbuf.o)
                0x202c9408                __swbuf_r
 .text._write_r
                0x202c94ac       0x24 c:\Users\jenright\AppData\Roaming\Code\User\globalStorage\vexrobotics.vexcode\sdk\cpp\EXP\EXP_20240802_15_00_00/vexexp/gcc/libs\libc_nano.a(lib_a-writer.o)
                0x202c94ac                _write_r
 .text.__swsetup_r
                0x202c94d0       0xdc c:\Users\jenright\AppData\Roaming\Code\User\globalStorage\vexrobotics.vexcode\sdk\cpp\EXP\EXP_20240802_15_00_00/vexexp/gcc/libs\libc_nano.a(lib_a-wsetup.o)
                0x202c94d0                __swsetup_r
 .text.abort    0x202c95ac        0xe c:\Users\jenright\AppData\Roaming\Code\User\globalStorage\vexrobotics.vexcode\sdk\cpp\EXP\EXP_20240802_15_00_00/vexexp/gcc/libs\libc_nano.a(lib_a-abort.o)
                0x202c95ac                abort
 *fill*         0x202c95ba        0x2 
 .text._close_r
                0x202c95bc       0x20 c:\Users\jenright\AppData\Roaming\Code\User\globalStorage\vexrobotics.vexcode\sdk\cpp\EXP\EXP_20240802_15_00_00/vexexp/gcc/libs\libc_nano.a(lib_a-closer.o)
                0x202c95bc                _close_r
 .text.quorem   0x202c95dc      0x118 c:\Users\jenright\AppData\Roaming\Code\User\globalStorage\vexrobotics.vexcode\sdk\cpp\EXP\EXP_20240802_15_00_00/vexexp/gcc/libs\libc_nano.a(lib_a-dtoa.o)
 *fill*         0x202c96f4        0x4 
 .text._dtoa_r  0x202c96f8      0xa98 c:\Users\jenright\AppData\Roaming\Code\User\globalStorage\vexrobotics.vexcode\sdk\cpp\EXP\EXP_20240802_15_00_00/vexexp/gcc/libs\libc_nano.a(lib_a-dtoa.o)
                0x202c96f8                _dtoa_r
 .text._fstat_r
                0x202ca190       0x24 c:\Users\jenright\AppData\Roaming\Code\User\globalStorage\vexrobotics.vexcode\sdk\cpp\EXP\EXP_20240802_15_00_00/vexexp/gcc/libs\libc_nano.a(lib_a-fstatr.o)
                0x202ca190                _fstat_r
 .text.rshift   0x202ca1b4       0x74 c:\Users\jenright\AppData\Roaming\Code\User\globalStorage\vexrobotics.vexcode\sdk\cpp\EXP\EXP_20240802_15_00_00/vexexp/gcc/libs\libc_nano.a(lib_a-gdtoa-gethex.o)
 .text.__hexdig_fun
                0x202ca228       0x2a c:\Users\jenright\AppData\Roaming\Code\User\globalStorage\vexrobotics.vexcode\sdk\cpp\EXP\EXP_20240802_15_00_00/vexexp/gcc/libs\libc_nano.a(lib_a-gdtoa-gethex.o)
                0x202ca228                __hexdig_fun
 .text.__gethex
                0x202ca252      0x442 c:\Users\jenright\AppData\Roaming\Code\User\globalStorage\vexrobotics.vexcode\sdk\cpp\EXP\EXP_20240802_15_00_00/vexexp/gcc/libs\libc_nano.a(lib_a-gdtoa-gethex.o)
                0x202ca252                __gethex
 .text.L_shift  0x202ca694       0x24 c:\Users\jenright\AppData\Roaming\Code\User\globalStorage\vexrobotics.vexcode\sdk\cpp\EXP\EXP_20240802_15_00_00/vexexp/gcc/libs\libc_nano.a(lib_a-gdtoa-hexnan.o)
 .text.__match  0x202ca6b8       0x28 c:\Users\jenright\AppData\Roaming\Code\User\globalStorage\vexrobotics.vexcode\sdk\cpp\EXP\EXP_20240802_15_00_00/vexexp/gcc/libs\libc_nano.a(lib_a-gdtoa-hexnan.o)
                0x202ca6b8                __match
 .text.__hexnan
                0x202ca6e0      0x120 c:\Users\jenright\AppData\Roaming\Code\User\globalStorage\vexrobotics.vexcode\sdk\cpp\EXP\EXP_20240802_15_00_00/vexexp/gcc/libs\libc_nano.a(lib_a-gdtoa-hexnan.o)
                0x202ca6e0                __hexnan
 .text._isatty_r
                0x202ca800       0x20 c:\Users\jenright\AppData\Roaming\Code\User\globalStorage\vexrobotics.vexcode\sdk\cpp\EXP\EXP_20240802_15_00_00/vexexp/gcc/libs\libc_nano.a(lib_a-isattyr.o)
                0x202ca800                _isatty_r
 .text.__localeconv_l
                0x202ca820        0x4 c:\Users\jenright\AppData\Roaming\Code\User\globalStorage\vexrobotics.vexcode\sdk\cpp\EXP\EXP_20240802_15_00_00/vexexp/gcc/libs\libc_nano.a(lib_a-localeconv.o)
                0x202ca820                __localeconv_l
 .text._localeconv_r
                0x202ca824       0x1c c:\Users\jenright\AppData\Roaming\Code\User\globalStorage\vexrobotics.vexcode\sdk\cpp\EXP\EXP_20240802_15_00_00/vexexp/gcc/libs\libc_nano.a(lib_a-localeconv.o)
                0x202ca824                _localeconv_r
 .text._lseek_r
                0x202ca840       0x24 c:\Users\jenright\AppData\Roaming\Code\User\globalStorage\vexrobotics.vexcode\sdk\cpp\EXP\EXP_20240802_15_00_00/vexexp/gcc/libs\libc_nano.a(lib_a-lseekr.o)
                0x202ca840                _lseek_r
 .text.__ascii_mbtowc
                0x202ca864       0x24 c:\Users\jenright\AppData\Roaming\Code\User\globalStorage\vexrobotics.vexcode\sdk\cpp\EXP\EXP_20240802_15_00_00/vexexp/gcc/libs\libc_nano.a(lib_a-mbtowc_r.o)
                0x202ca864                __ascii_mbtowc
 .text.__malloc_lock
                0x202ca888        0x2 c:\Users\jenright\AppData\Roaming\Code\User\globalStorage\vexrobotics.vexcode\sdk\cpp\EXP\EXP_20240802_15_00_00/vexexp/gcc/libs\libc_nano.a(lib_a-mlock.o)
                0x202ca888                __malloc_lock
 .text.__malloc_unlock
                0x202ca88a        0x2 c:\Users\jenright\AppData\Roaming\Code\User\globalStorage\vexrobotics.vexcode\sdk\cpp\EXP\EXP_20240802_15_00_00/vexexp/gcc/libs\libc_nano.a(lib_a-mlock.o)
                0x202ca88a                __malloc_unlock
 .text._Balloc  0x202ca88c       0x68 c:\Users\jenright\AppData\Roaming\Code\User\globalStorage\vexrobotics.vexcode\sdk\cpp\EXP\EXP_20240802_15_00_00/vexexp/gcc/libs\libc_nano.a(lib_a-mprec.o)
                0x202ca88c                _Balloc
 .text._Bfree   0x202ca8f4       0x2e c:\Users\jenright\AppData\Roaming\Code\User\globalStorage\vexrobotics.vexcode\sdk\cpp\EXP\EXP_20240802_15_00_00/vexexp/gcc/libs\libc_nano.a(lib_a-mprec.o)
                0x202ca8f4                _Bfree
 .text.__multadd
                0x202ca922       0x76 c:\Users\jenright\AppData\Roaming\Code\User\globalStorage\vexrobotics.vexcode\sdk\cpp\EXP\EXP_20240802_15_00_00/vexexp/gcc/libs\libc_nano.a(lib_a-mprec.o)
                0x202ca922                __multadd
 .text.__s2b    0x202ca998       0x7c c:\Users\jenright\AppData\Roaming\Code\User\globalStorage\vexrobotics.vexcode\sdk\cpp\EXP\EXP_20240802_15_00_00/vexexp/gcc/libs\libc_nano.a(lib_a-mprec.o)
                0x202ca998                __s2b
 .text.__hi0bits
                0x202caa14       0x3e c:\Users\jenright\AppData\Roaming\Code\User\globalStorage\vexrobotics.vexcode\sdk\cpp\EXP\EXP_20240802_15_00_00/vexexp/gcc/libs\libc_nano.a(lib_a-mprec.o)
                0x202caa14                __hi0bits
 .text.__lo0bits
                0x202caa52       0x5e c:\Users\jenright\AppData\Roaming\Code\User\globalStorage\vexrobotics.vexcode\sdk\cpp\EXP\EXP_20240802_15_00_00/vexexp/gcc/libs\libc_nano.a(lib_a-mprec.o)
                0x202caa52                __lo0bits
 .text.__i2b    0x202caab0       0x12 c:\Users\jenright\AppData\Roaming\Code\User\globalStorage\vexrobotics.vexcode\sdk\cpp\EXP\EXP_20240802_15_00_00/vexexp/gcc/libs\libc_nano.a(lib_a-mprec.o)
                0x202caab0                __i2b
 .text.__multiply
                0x202caac2      0x12c c:\Users\jenright\AppData\Roaming\Code\User\globalStorage\vexrobotics.vexcode\sdk\cpp\EXP\EXP_20240802_15_00_00/vexexp/gcc/libs\libc_nano.a(lib_a-mprec.o)
                0x202caac2                __multiply
 *fill*         0x202cabee        0x2 
 .text.__pow5mult
                0x202cabf0       0x9c c:\Users\jenright\AppData\Roaming\Code\User\globalStorage\vexrobotics.vexcode\sdk\cpp\EXP\EXP_20240802_15_00_00/vexexp/gcc/libs\libc_nano.a(lib_a-mprec.o)
                0x202cabf0                __pow5mult
 .text.__lshift
                0x202cac8c       0xa8 c:\Users\jenright\AppData\Roaming\Code\User\globalStorage\vexrobotics.vexcode\sdk\cpp\EXP\EXP_20240802_15_00_00/vexexp/gcc/libs\libc_nano.a(lib_a-mprec.o)
                0x202cac8c                __lshift
 .text.__mcmp   0x202cad34       0x34 c:\Users\jenright\AppData\Roaming\Code\User\globalStorage\vexrobotics.vexcode\sdk\cpp\EXP\EXP_20240802_15_00_00/vexexp/gcc/libs\libc_nano.a(lib_a-mprec.o)
                0x202cad34                __mcmp
 .text.__mdiff  0x202cad68       0xba c:\Users\jenright\AppData\Roaming\Code\User\globalStorage\vexrobotics.vexcode\sdk\cpp\EXP\EXP_20240802_15_00_00/vexexp/gcc/libs\libc_nano.a(lib_a-mprec.o)
                0x202cad68                __mdiff
 *fill*         0x202cae22        0x2 
 .text.__ulp    0x202cae24       0x50 c:\Users\jenright\AppData\Roaming\Code\User\globalStorage\vexrobotics.vexcode\sdk\cpp\EXP\EXP_20240802_15_00_00/vexexp/gcc/libs\libc_nano.a(lib_a-mprec.o)
                0x202cae24                __ulp
 .text.__b2d    0x202cae74       0x9c c:\Users\jenright\AppData\Roaming\Code\User\globalStorage\vexrobotics.vexcode\sdk\cpp\EXP\EXP_20240802_15_00_00/vexexp/gcc/libs\libc_nano.a(lib_a-mprec.o)
                0x202cae74                __b2d
 .text.__d2b    0x202caf10       0x9e c:\Users\jenright\AppData\Roaming\Code\User\globalStorage\vexrobotics.vexcode\sdk\cpp\EXP\EXP_20240802_15_00_00/vexexp/gcc/libs\libc_nano.a(lib_a-mprec.o)
                0x202caf10                __d2b
 .text.__ratio  0x202cafae       0x68 c:\Users\jenright\AppData\Roaming\Code\User\globalStorage\vexrobotics.vexcode\sdk\cpp\EXP\EXP_20240802_15_00_00/vexexp/gcc/libs\libc_nano.a(lib_a-mprec.o)
                0x202cafae                __ratio
 .text.__copybits
                0x202cb016       0x34 c:\Users\jenright\AppData\Roaming\Code\User\globalStorage\vexrobotics.vexcode\sdk\cpp\EXP\EXP_20240802_15_00_00/vexexp/gcc/libs\libc_nano.a(lib_a-mprec.o)
                0x202cb016                __copybits
 .text.__any_on
                0x202cb04a       0x42 c:\Users\jenright\AppData\Roaming\Code\User\globalStorage\vexrobotics.vexcode\sdk\cpp\EXP\EXP_20240802_15_00_00/vexexp/gcc/libs\libc_nano.a(lib_a-mprec.o)
                0x202cb04a                __any_on
 .text._putc_r  0x202cb08c       0x6c c:\Users\jenright\AppData\Roaming\Code\User\globalStorage\vexrobotics.vexcode\sdk\cpp\EXP\EXP_20240802_15_00_00/vexexp/gcc/libs\libc_nano.a(lib_a-putc.o)
                0x202cb08c                _putc_r
 .text._read_r  0x202cb0f8       0x24 c:\Users\jenright\AppData\Roaming\Code\User\globalStorage\vexrobotics.vexcode\sdk\cpp\EXP\EXP_20240802_15_00_00/vexexp/gcc/libs\libc_nano.a(lib_a-readr.o)
                0x202cb0f8                _read_r
 .text._raise_r
                0x202cb11c       0x50 c:\Users\jenright\AppData\Roaming\Code\User\globalStorage\vexrobotics.vexcode\sdk\cpp\EXP\EXP_20240802_15_00_00/vexexp/gcc/libs\libc_nano.a(lib_a-signal.o)
                0x202cb11c                _raise_r
 .text.raise    0x202cb16c       0x10 c:\Users\jenright\AppData\Roaming\Code\User\globalStorage\vexrobotics.vexcode\sdk\cpp\EXP\EXP_20240802_15_00_00/vexexp/gcc/libs\libc_nano.a(lib_a-signal.o)
                0x202cb16c                raise
 .text._kill_r  0x202cb17c       0x24 c:\Users\jenright\AppData\Roaming\Code\User\globalStorage\vexrobotics.vexcode\sdk\cpp\EXP\EXP_20240802_15_00_00/vexexp/gcc/libs\libc_nano.a(lib_a-signalr.o)
                0x202cb17c                _kill_r
 .text._getpid_r
                0x202cb1a0        0x4 c:\Users\jenright\AppData\Roaming\Code\User\globalStorage\vexrobotics.vexcode\sdk\cpp\EXP\EXP_20240802_15_00_00/vexexp/gcc/libs\libc_nano.a(lib_a-signalr.o)
                0x202cb1a0                _getpid_r
 .text.strncmp  0x202cb1a4       0x24 c:\Users\jenright\AppData\Roaming\Code\User\globalStorage\vexrobotics.vexcode\sdk\cpp\EXP\EXP_20240802_15_00_00/vexexp/gcc/libs\libc_nano.a(lib_a-strncmp.o)
                0x202cb1a4                strncmp
 .text.__ascii_wctomb
                0x202cb1c8       0x1a c:\Users\jenright\AppData\Roaming\Code\User\globalStorage\vexrobotics.vexcode\sdk\cpp\EXP\EXP_20240802_15_00_00/vexexp/gcc/libs\libc_nano.a(lib_a-wctomb_r.o)
                0x202cb1c8                __ascii_wctomb
 .text._ZdlPv   0x202cb1e2        0x4 c:\Users\jenright\AppData\Roaming\Code\User\globalStorage\vexrobotics.vexcode\sdk\cpp\EXP\EXP_20240802_15_00_00/vexexp/gcc/libs\libstdc++_nano.a(del_op.o)
                0x202cb1e2                operator delete(void*)
 *fill*         0x202cb1e6        0x2 
 .text.atan     0x202cb1e8      0x1f4 c:\Users\jenright\AppData\Roaming\Code\User\globalStorage\vexrobotics.vexcode\sdk\cpp\EXP\EXP_20240802_15_00_00/vexexp/gcc/libs\libm.a(lib_a-s_atan.o)
                0x202cb1e8                atan
 *fill*         0x202cb3dc        0x4 
 .text.cos      0x202cb3e0       0xa0 c:\Users\jenright\AppData\Roaming\Code\User\globalStorage\vexrobotics.vexcode\sdk\cpp\EXP\EXP_20240802_15_00_00/vexexp/gcc/libs\libm.a(lib_a-s_cos.o)
                0x202cb3e0                cos
 .text.fabs     0x202cb480       0x14 c:\Users\jenright\AppData\Roaming\Code\User\globalStorage\vexrobotics.vexcode\sdk\cpp\EXP\EXP_20240802_15_00_00/vexexp/gcc/libs\libm.a(lib_a-s_fabs.o)
                0x202cb480                fabs
 *fill*         0x202cb494        0x4 
 .text.sin      0x202cb498       0xa0 c:\Users\jenright\AppData\Roaming\Code\User\globalStorage\vexrobotics.vexcode\sdk\cpp\EXP\EXP_20240802_15_00_00/vexexp/gcc/libs\libm.a(lib_a-s_sin.o)
                0x202cb498                sin
 .text.atan2    0x202cb538        0x4 c:\Users\jenright\AppData\Roaming\Code\User\globalStorage\vexrobotics.vexcode\sdk\cpp\EXP\EXP_20240802_15_00_00/vexexp/gcc/libs\libm.a(lib_a-w_atan2.o)
                0x202cb538                atan2
 *fill*         0x202cb53c        0x4 
 .text.pow      0x202cb540      0x2a8 c:\Users\jenright\AppData\Roaming\Code\User\globalStorage\vexrobotics.vexcode\sdk\cpp\EXP\EXP_20240802_15_00_00/vexexp/gcc/libs\libm.a(lib_a-w_pow.o)
                0x202cb540                pow
 .text.sqrt     0x202cb7e8       0xa8 c:\Users\jenright\AppData\Roaming\Code\User\globalStorage\vexrobotics.vexcode\sdk\cpp\EXP\EXP_20240802_15_00_00/vexexp/gcc/libs\libm.a(lib_a-w_sqrt.o)
                0x202cb7e8                sqrt
 .text.sqrtf    0x202cb890       0xb0 c:\Users\jenright\AppData\Roaming\Code\User\globalStorage\vexrobotics.vexcode\sdk\cpp\EXP\EXP_20240802_15_00_00/vexexp/gcc/libs\libm.a(lib_a-wf_sqrt.o)
                0x202cb890                sqrtf
 .text.__ieee754_atan2
                0x202cb940      0x204 c:\Users\jenright\AppData\Roaming\Code\User\globalStorage\vexrobotics.vexcode\sdk\cpp\EXP\EXP_20240802_15_00_00/vexexp/gcc/libs\libm.a(lib_a-e_atan2.o)
                0x202cb940                __ieee754_atan2
 *fill*         0x202cbb44        0x4 
 .text.__ieee754_pow
                0x202cbb48      0x774 c:\Users\jenright\AppData\Roaming\Code\User\globalStorage\vexrobotics.vexcode\sdk\cpp\EXP\EXP_20240802_15_00_00/vexexp/gcc/libs\libm.a(lib_a-e_pow.o)
                0x202cbb48                __ieee754_pow
 *fill*         0x202cc2bc        0x4 
 .text.__ieee754_rem_pio2
                0x202cc2c0      0x294 c:\Users\jenright\AppData\Roaming\Code\User\globalStorage\vexrobotics.vexcode\sdk\cpp\EXP\EXP_20240802_15_00_00/vexexp/gcc/libs\libm.a(lib_a-e_rem_pio2.o)
                0x202cc2c0                __ieee754_rem_pio2
 .text.__ieee754_sqrt
                0x202cc554        0x8 c:\Users\jenright\AppData\Roaming\Code\User\globalStorage\vexrobotics.vexcode\sdk\cpp\EXP\EXP_20240802_15_00_00/vexexp/gcc/libs\libm.a(lib_a-e_sqrt.o)
                0x202cc554                __ieee754_sqrt
 .text.__ieee754_sqrtf
                0x202cc55c        0x8 c:\Users\jenright\AppData\Roaming\Code\User\globalStorage\vexrobotics.vexcode\sdk\cpp\EXP\EXP_20240802_15_00_00/vexexp/gcc/libs\libm.a(lib_a-ef_sqrt.o)
                0x202cc55c                __ieee754_sqrtf
 *fill*         0x202cc564        0x4 
 .text.__kernel_cos
                0x202cc568      0x120 c:\Users\jenright\AppData\Roaming\Code\User\globalStorage\vexrobotics.vexcode\sdk\cpp\EXP\EXP_20240802_15_00_00/vexexp/gcc/libs\libm.a(lib_a-k_cos.o)
                0x202cc568                __kernel_cos
 .text.__kernel_rem_pio2
                0x202cc688      0x694 c:\Users\jenright\AppData\Roaming\Code\User\globalStorage\vexrobotics.vexcode\sdk\cpp\EXP\EXP_20240802_15_00_00/vexexp/gcc/libs\libm.a(lib_a-k_rem_pio2.o)
                0x202cc688                __kernel_rem_pio2
 *fill*         0x202ccd1c        0x4 
 .text.__kernel_sin
                0x202ccd20       0xb0 c:\Users\jenright\AppData\Roaming\Code\User\globalStorage\vexrobotics.vexcode\sdk\cpp\EXP\EXP_20240802_15_00_00/vexexp/gcc/libs\libm.a(lib_a-k_sin.o)
                0x202ccd20                __kernel_sin
 .text.finite   0x202ccdd0       0x10 c:\Users\jenright\AppData\Roaming\Code\User\globalStorage\vexrobotics.vexcode\sdk\cpp\EXP\EXP_20240802_15_00_00/vexexp/gcc/libs\libm.a(lib_a-s_finite.o)
                0x202ccdd0                finite
 .text.floor    0x202ccde0      0x110 c:\Users\jenright\AppData\Roaming\Code\User\globalStorage\vexrobotics.vexcode\sdk\cpp\EXP\EXP_20240802_15_00_00/vexexp/gcc/libs\libm.a(lib_a-s_floor.o)
                0x202ccde0                floor
 .text.matherr  0x202ccef0        0x4 c:\Users\jenright\AppData\Roaming\Code\User\globalStorage\vexrobotics.vexcode\sdk\cpp\EXP\EXP_20240802_15_00_00/vexexp/gcc/libs\libm.a(lib_a-s_matherr.o)
                0x202ccef0                matherr
 *fill*         0x202ccef4        0x4 
 .text.nan      0x202ccef8       0x10 c:\Users\jenright\AppData\Roaming\Code\User\globalStorage\vexrobotics.vexcode\sdk\cpp\EXP\EXP_20240802_15_00_00/vexexp/gcc/libs\libm.a(lib_a-s_nan.o)
                0x202ccef8                nan
 .text.rint     0x202ccf08      0x120 c:\Users\jenright\AppData\Roaming\Code\User\globalStorage\vexrobotics.vexcode\sdk\cpp\EXP\EXP_20240802_15_00_00/vexexp/gcc/libs\libm.a(lib_a-s_rint.o)
                0x202ccf08                rint
 .text.scalbn   0x202cd028      0x124 c:\Users\jenright\AppData\Roaming\Code\User\globalStorage\vexrobotics.vexcode\sdk\cpp\EXP\EXP_20240802_15_00_00/vexexp/gcc/libs\libm.a(lib_a-s_scalbn.o)
                0x202cd028                scalbn
 .text.copysign
                0x202cd14c       0x1c c:\Users\jenright\AppData\Roaming\Code\User\globalStorage\vexrobotics.vexcode\sdk\cpp\EXP\EXP_20240802_15_00_00/vexexp/gcc/libs\libm.a(lib_a-s_copysign.o)
                0x202cd14c                copysign
 .text.__errno  0x202cd168        0xc c:\Users\jenright\AppData\Roaming\Code\User\globalStorage\vexrobotics.vexcode\sdk\cpp\EXP\EXP_20240802_15_00_00/vexexp\libexprt.a(exp_fstubs.c.o)
                0x202cd168                __errno
 .text._fstat   0x202cd174       0x1e c:\Users\jenright\AppData\Roaming\Code\User\globalStorage\vexrobotics.vexcode\sdk\cpp\EXP\EXP_20240802_15_00_00/vexexp\libexprt.a(exp_fstubs.c.o)
                0x202cd174                _fstat
 .text._lseek   0x202cd192       0x1c c:\Users\jenright\AppData\Roaming\Code\User\globalStorage\vexrobotics.vexcode\sdk\cpp\EXP\EXP_20240802_15_00_00/vexexp\libexprt.a(exp_fstubs.c.o)
                0x202cd192                _lseek
 .text._close   0x202cd1ae       0x14 c:\Users\jenright\AppData\Roaming\Code\User\globalStorage\vexrobotics.vexcode\sdk\cpp\EXP\EXP_20240802_15_00_00/vexexp\libexprt.a(exp_fstubs.c.o)
                0x202cd1ae                _close
 .text._read    0x202cd1c2       0x1c c:\Users\jenright\AppData\Roaming\Code\User\globalStorage\vexrobotics.vexcode\sdk\cpp\EXP\EXP_20240802_15_00_00/vexexp\libexprt.a(exp_fstubs.c.o)
                0x202cd1c2                _read
 .text._write   0x202cd1de       0x28 c:\Users\jenright\AppData\Roaming\Code\User\globalStorage\vexrobotics.vexcode\sdk\cpp\EXP\EXP_20240802_15_00_00/vexexp\libexprt.a(exp_fstubs.c.o)
                0x202cd1de                _write
 .text._isatty  0x202cd206       0x14 c:\Users\jenright\AppData\Roaming\Code\User\globalStorage\vexrobotics.vexcode\sdk\cpp\EXP\EXP_20240802_15_00_00/vexexp\libexprt.a(exp_fstubs.c.o)
                0x202cd206                _isatty
 *(.gnu.linkonce.t.*)
 *(.plt)
 *(.gnu_warning)
 *(.gcc_except_table)
 *(.glue_7)
 .glue_7        0x00000000        0x0 linker stubs
 *(.glue_7t)
 .glue_7t       0x00000000        0x0 linker stubs
 *(.vfp11_veneer)
 .vfp11_veneer  0x00000000        0x0 linker stubs
 *(.ARM.extab)
 *(.gnu.linkonce.armextab.*)

.v4_bx          0x202cd21c        0x0
 .v4_bx         0x00000000        0x0 linker stubs

.iplt           0x202cd21c        0x0
 .iplt          0x00000000        0x0 build/src/main.o

.init
 *(.init)

.fini
 *(.fini)

.rodata         0x202cd220      0xd98
                0x202cd220                __rodata_start = .
 *(.rodata)
 .rodata        0x202cd220       0x90 build/src/apriltag_pose.o
 *(.rodata.*)
 .rodata.str1.1
                0x202cd2b0       0x60 build/src/main.o
 .rodata.str1.1
                0x202cd310       0x33 build/src/homography.o
 .rodata.str1.1
                0x202cd343      0x114 build/src/apriltag_pose.o
                                0x148 (size before relaxing)
 .rodata.str1.1
                0x202cd457       0x6b build/src/apriltag_aux.o
 .rodata.str1.1
                0x202cd4c2      0x4ca build/src/matd.o
                                0x4f5 (size before relaxing)
 .rodata.str1.1
                0x202cd98c       0x22 c:\Users\jenright\AppData\Roaming\Code\User\globalStorage\vexrobotics.vexcode\sdk\cpp\EXP\EXP_20240802_15_00_00/vexexp\libexprt.a(exp_startup.c.o)
 *fill*         0x202cd9ae        0x2 
 .rodata._ZN3vex5PORT2E
                0x202cd9b0        0x4 c:\Users\jenright\AppData\Roaming\Code\User\globalStorage\vexrobotics.vexcode\sdk\cpp\EXP\EXP_20240802_15_00_00/vexexp\libexprt.a(vex_global.cpp.o)
                0x202cd9b0                vex::PORT2
 .rodata._ZN3vex6PORT11E
                0x202cd9b4        0x4 c:\Users\jenright\AppData\Roaming\Code\User\globalStorage\vexrobotics.vexcode\sdk\cpp\EXP\EXP_20240802_15_00_00/vexexp\libexprt.a(vex_global.cpp.o)
                0x202cd9b4                vex::PORT11
 .rodata.str1.1
                0x202cd9b8       0x2f c:\Users\jenright\AppData\Roaming\Code\User\globalStorage\vexrobotics.vexcode\sdk\cpp\EXP\EXP_20240802_15_00_00/vexexp\libexprt.a(vex_brain.cpp.o)
                                 0x31 (size before relaxing)
 *fill*         0x202cd9e7        0x1 
 .rodata._ZTVN3vex7triportE
                0x202cd9e8       0x18 c:\Users\jenright\AppData\Roaming\Code\User\globalStorage\vexrobotics.vexcode\sdk\cpp\EXP\EXP_20240802_15_00_00/vexexp\libexprt.a(vex_triport.cpp.o)
                0x202cd9e8                vtable for vex::triport
 .rodata._ZTVN3vex8aivisionE
                0x202cda00       0x18 c:\Users\jenright\AppData\Roaming\Code\User\globalStorage\vexrobotics.vexcode\sdk\cpp\EXP\EXP_20240802_15_00_00/vexexp\libexprt.a(vex_aivision.cpp.o)
                0x202cda00                vtable for vex::aivision
 .rodata._ZTVN3vex6deviceE
                0x202cda18       0x18 c:\Users\jenright\AppData\Roaming\Code\User\globalStorage\vexrobotics.vexcode\sdk\cpp\EXP\EXP_20240802_15_00_00/vexexp\libexprt.a(vex_device.cpp.o)
                0x202cda18                vtable for vex::device
 .rodata.__assert_func.str1.1
                0x202cda30       0x3c c:\Users\jenright\AppData\Roaming\Code\User\globalStorage\vexrobotics.vexcode\sdk\cpp\EXP\EXP_20240802_15_00_00/vexexp/gcc/libs\libc_nano.a(lib_a-assert.o)
                                 0x3d (size before relaxing)
 .rodata.__sf_fake_stderr
                0x202cda6c       0x20 c:\Users\jenright\AppData\Roaming\Code\User\globalStorage\vexrobotics.vexcode\sdk\cpp\EXP\EXP_20240802_15_00_00/vexexp/gcc/libs\libc_nano.a(lib_a-findfp.o)
                0x202cda6c                __sf_fake_stderr
 .rodata.__sf_fake_stdin
                0x202cda8c       0x20 c:\Users\jenright\AppData\Roaming\Code\User\globalStorage\vexrobotics.vexcode\sdk\cpp\EXP\EXP_20240802_15_00_00/vexexp/gcc/libs\libc_nano.a(lib_a-findfp.o)
                0x202cda8c                __sf_fake_stdin
 .rodata.__sf_fake_stdout
                0x202cdaac       0x20 c:\Users\jenright\AppData\Roaming\Code\User\globalStorage\vexrobotics.vexcode\sdk\cpp\EXP\EXP_20240802_15_00_00/vexexp/gcc/libs\libc_nano.a(lib_a-findfp.o)
                0x202cdaac                __sf_fake_stdout
 .rodata._global_impure_ptr
                0x202cdacc        0x4 c:\Users\jenright\AppData\Roaming\Code\User\globalStorage\vexrobotics.vexcode\sdk\cpp\EXP\EXP_20240802_15_00_00/vexexp/gcc/libs\libc_nano.a(lib_a-impure.o)
                0x202cdacc                _global_impure_ptr
 .rodata._vfprintf_r.str1.1
                0x202cdad0       0x11 c:\Users\jenright\AppData\Roaming\Code\User\globalStorage\vexrobotics.vexcode\sdk\cpp\EXP\EXP_20240802_15_00_00/vexexp/gcc/libs\libc_nano.a(lib_a-nano-vfprintf.o)
 .rodata._printf_float.str1.1
                0x202cdae1        0xc c:\Users\jenright\AppData\Roaming\Code\User\globalStorage\vexrobotics.vexcode\sdk\cpp\EXP\EXP_20240802_15_00_00/vexexp/gcc/libs\libc_nano.a(lib_a-nano-vfprintf_float.o)
                                 0x12 (size before relaxing)
 .rodata._printf_i.str1.1
                0x202cdaed       0x22 c:\Users\jenright\AppData\Roaming\Code\User\globalStorage\vexrobotics.vexcode\sdk\cpp\EXP\EXP_20240802_15_00_00/vexexp/gcc/libs\libc_nano.a(lib_a-nano-vfprintf_i.o)
 .rodata._strtod_l.str1.1
                0x00000000       0x22 c:\Users\jenright\AppData\Roaming\Code\User\globalStorage\vexrobotics.vexcode\sdk\cpp\EXP\EXP_20240802_15_00_00/vexexp/gcc/libs\libc_nano.a(lib_a-strtod.o)
                                  0xc (size before relaxing)
 *fill*         0x202cdb0f        0x1 
 .rodata.fpi.7435
                0x202cdb10       0x14 c:\Users\jenright\AppData\Roaming\Code\User\globalStorage\vexrobotics.vexcode\sdk\cpp\EXP\EXP_20240802_15_00_00/vexexp/gcc/libs\libc_nano.a(lib_a-strtod.o)
 .rodata.fpinan.7471
                0x202cdb24       0x14 c:\Users\jenright\AppData\Roaming\Code\User\globalStorage\vexrobotics.vexcode\sdk\cpp\EXP\EXP_20240802_15_00_00/vexexp/gcc/libs\libc_nano.a(lib_a-strtod.o)
 .rodata.tinytens
                0x202cdb38       0x28 c:\Users\jenright\AppData\Roaming\Code\User\globalStorage\vexrobotics.vexcode\sdk\cpp\EXP\EXP_20240802_15_00_00/vexexp/gcc/libs\libc_nano.a(lib_a-strtod.o)
 .rodata._dtoa_r.str1.1
                0x202cdb60        0xd c:\Users\jenright\AppData\Roaming\Code\User\globalStorage\vexrobotics.vexcode\sdk\cpp\EXP\EXP_20240802_15_00_00/vexexp/gcc/libs\libc_nano.a(lib_a-dtoa.o)
                                  0xf (size before relaxing)
 .rodata._setlocale_r.str1.1
                0x202cdb6d        0x8 c:\Users\jenright\AppData\Roaming\Code\User\globalStorage\vexrobotics.vexcode\sdk\cpp\EXP\EXP_20240802_15_00_00/vexexp/gcc/libs\libc_nano.a(lib_a-locale.o)
                                  0x9 (size before relaxing)
 .rodata.str1.1
                0x202cdb75        0x2 c:\Users\jenright\AppData\Roaming\Code\User\globalStorage\vexrobotics.vexcode\sdk\cpp\EXP\EXP_20240802_15_00_00/vexexp/gcc/libs\libc_nano.a(lib_a-locale.o)
 *fill*         0x202cdb77        0x1 
 .rodata.__mprec_bigtens
                0x202cdb78       0x28 c:\Users\jenright\AppData\Roaming\Code\User\globalStorage\vexrobotics.vexcode\sdk\cpp\EXP\EXP_20240802_15_00_00/vexexp/gcc/libs\libc_nano.a(lib_a-mprec.o)
                0x202cdb78                __mprec_bigtens
 .rodata.__mprec_tens
                0x202cdba0       0xc8 c:\Users\jenright\AppData\Roaming\Code\User\globalStorage\vexrobotics.vexcode\sdk\cpp\EXP\EXP_20240802_15_00_00/vexexp/gcc/libs\libc_nano.a(lib_a-mprec.o)
                0x202cdba0                __mprec_tens
 .rodata.p05.7359
                0x202cdc68        0xc c:\Users\jenright\AppData\Roaming\Code\User\globalStorage\vexrobotics.vexcode\sdk\cpp\EXP\EXP_20240802_15_00_00/vexexp/gcc/libs\libc_nano.a(lib_a-mprec.o)
 .rodata._ctype_
                0x202cdc74      0x101 c:\Users\jenright\AppData\Roaming\Code\User\globalStorage\vexrobotics.vexcode\sdk\cpp\EXP\EXP_20240802_15_00_00/vexexp/gcc/libs\libc_nano.a(lib_a-ctype_.o)
                0x202cdc74                _ctype_
 *fill*         0x202cdd75        0x3 
 .rodata.atanhi
                0x202cdd78       0x20 c:\Users\jenright\AppData\Roaming\Code\User\globalStorage\vexrobotics.vexcode\sdk\cpp\EXP\EXP_20240802_15_00_00/vexexp/gcc/libs\libm.a(lib_a-s_atan.o)
 .rodata.atanlo
                0x202cdd98       0x20 c:\Users\jenright\AppData\Roaming\Code\User\globalStorage\vexrobotics.vexcode\sdk\cpp\EXP\EXP_20240802_15_00_00/vexexp/gcc/libs\libm.a(lib_a-s_atan.o)
 .rodata.pow.str1.4
                0x202cddb8        0x4 c:\Users\jenright\AppData\Roaming\Code\User\globalStorage\vexrobotics.vexcode\sdk\cpp\EXP\EXP_20240802_15_00_00/vexexp/gcc/libs\libm.a(lib_a-w_pow.o)
 .rodata.sqrt.str1.4
                0x202cddbc        0x5 c:\Users\jenright\AppData\Roaming\Code\User\globalStorage\vexrobotics.vexcode\sdk\cpp\EXP\EXP_20240802_15_00_00/vexexp/gcc/libs\libm.a(lib_a-w_sqrt.o)
 *fill*         0x202cddc1        0x3 
 .rodata.sqrtf.str1.4
                0x202cddc4        0x6 c:\Users\jenright\AppData\Roaming\Code\User\globalStorage\vexrobotics.vexcode\sdk\cpp\EXP\EXP_20240802_15_00_00/vexexp/gcc/libs\libm.a(lib_a-wf_sqrt.o)
 .rodata.__ieee754_pow.str1.4
                0x00000000        0x8 c:\Users\jenright\AppData\Roaming\Code\User\globalStorage\vexrobotics.vexcode\sdk\cpp\EXP\EXP_20240802_15_00_00/vexexp/gcc/libs\libm.a(lib_a-e_pow.o)
                                  0x1 (size before relaxing)
 *fill*         0x202cddca        0x2 
 .rodata.npio2_hw
                0x202cddcc       0x80 c:\Users\jenright\AppData\Roaming\Code\User\globalStorage\vexrobotics.vexcode\sdk\cpp\EXP\EXP_20240802_15_00_00/vexexp/gcc/libs\libm.a(lib_a-e_rem_pio2.o)
 .rodata.two_over_pi
                0x202cde4c      0x108 c:\Users\jenright\AppData\Roaming\Code\User\globalStorage\vexrobotics.vexcode\sdk\cpp\EXP\EXP_20240802_15_00_00/vexexp/gcc/libs\libm.a(lib_a-e_rem_pio2.o)
 *fill*         0x202cdf54        0x4 
 .rodata.PIo2   0x202cdf58       0x40 c:\Users\jenright\AppData\Roaming\Code\User\globalStorage\vexrobotics.vexcode\sdk\cpp\EXP\EXP_20240802_15_00_00/vexexp/gcc/libs\libm.a(lib_a-k_rem_pio2.o)
 .rodata.init_jk
                0x202cdf98       0x10 c:\Users\jenright\AppData\Roaming\Code\User\globalStorage\vexrobotics.vexcode\sdk\cpp\EXP\EXP_20240802_15_00_00/vexexp/gcc/libs\libm.a(lib_a-k_rem_pio2.o)
 .rodata.TWO52  0x202cdfa8       0x10 c:\Users\jenright\AppData\Roaming\Code\User\globalStorage\vexrobotics.vexcode\sdk\cpp\EXP\EXP_20240802_15_00_00/vexexp/gcc/libs\libm.a(lib_a-s_rint.o)
 *(.gnu.linkonce.r.*)
                0x202cdfb8                __rodata_end = .

.rodata1        0x202cdfb8        0x0
                0x202cdfb8                __rodata1_start = .
 *(.rodata1)
 *(.rodata1.*)
                0x202cdfb8                __rodata1_end = .

.sdata2         0x202cdfb8        0x0
                0x202cdfb8                __sdata2_start = .
 *(.sdata2)
 *(.sdata2.*)
 *(.gnu.linkonce.s2.*)
                0x202cdfb8                __sdata2_end = .

.sbss2          0x202cdfb8        0x0
                0x202cdfb8                __sbss2_start = .
 *(.sbss2)
 *(.sbss2.*)
 *(.gnu.linkonce.sb2.*)
                0x202cdfb8                __sbss2_end = .

.data           0x202cdfb8      0x205
                0x202cdfb8                __data_start = .
                0x202cdfb8                __data_load = .
 *(.data)
 *(.data.*)
 .data.my_calib
                0x202cdfb8       0x30 build/src/main.o
                0x202cdfb8                my_calib
 .data.__yoff   0x202cdfe8        0x4 c:\Users\jenright\AppData\Roaming\Code\User\globalStorage\vexrobotics.vexcode\sdk\cpp\EXP\EXP_20240802_15_00_00/vexexp\libexprt.a(exp_apijump.c.o)
 .data._impure_ptr
                0x202cdfec        0x4 c:\Users\jenright\AppData\Roaming\Code\User\globalStorage\vexrobotics.vexcode\sdk\cpp\EXP\EXP_20240802_15_00_00/vexexp/gcc/libs\libc_nano.a(lib_a-impure.o)
                0x202cdfec                _impure_ptr
 .data.impure_data
                0x202cdff0       0x60 c:\Users\jenright\AppData\Roaming\Code\User\globalStorage\vexrobotics.vexcode\sdk\cpp\EXP\EXP_20240802_15_00_00/vexexp/gcc/libs\libc_nano.a(lib_a-impure.o)
 .data.__global_locale
                0x202ce050      0x16c c:\Users\jenright\AppData\Roaming\Code\User\globalStorage\vexrobotics.vexcode\sdk\cpp\EXP\EXP_20240802_15_00_00/vexexp/gcc/libs\libc_nano.a(lib_a-locale.o)
                0x202ce050                __global_locale
 .data.__fdlib_version
                0x202ce1bc        0x1 c:\Users\jenright\AppData\Roaming\Code\User\globalStorage\vexrobotics.vexcode\sdk\cpp\EXP\EXP_20240802_15_00_00/vexexp/gcc/libs\libm.a(lib_a-s_lib_ver.o)
                0x202ce1bc                __fdlib_version
 *(.gnu.linkonce.d.*)
 *(.jcr)
 *(.got)
 *(.got.plt)
                0x202ce1bd                __data_end = .

.igot.plt       0x202ce1c0        0x0
 .igot.plt      0x00000000        0x0 build/src/main.o

.data1          0x202ce1bd        0x0
                0x202ce1bd                __data1_start = .
                0x202ce1bd                __data1_load = .
 *(.data1)
 *(.data1.*)
                0x202ce1bd                __data1_end = .

.got
 *(.got)

.ctors          0x202ce1bd        0x0
                0x202ce1bd                __CTOR_LIST__ = .
                0x202ce1bd                ___CTORS_LIST___ = .
 *crtbegin.o(.ctors)
 *(EXCLUDE_FILE(*crtend.o) .ctors)
 *(SORT(.ctors.*))
 *(.ctors)
                0x202ce1bd                __CTOR_END__ = .
                0x202ce1bd                ___CTORS_END___ = .

.dtors          0x202ce1bd        0x0
                0x202ce1bd                __DTOR_LIST__ = .
                0x202ce1bd                ___DTORS_LIST___ = .
 *crtbegin.o(.dtors)
 *(EXCLUDE_FILE(*crtend.o) .dtors)
 *(SORT(.dtors.*))
 *(.dtors)
                0x202ce1bd                __DTOR_END__ = .
                0x202ce1bd                ___DTORS_END___ = .

.fixup          0x202ce1bd        0x0
                0x202ce1bd                __fixup_start = .
 *(.fixup)
                0x202ce1bd                __fixup_end = .

.eh_frame
 *(.eh_frame)

.eh_framehdr    0x202ce1bd        0x0
                0x202ce1bd                __eh_framehdr_start = .
 *(.eh_framehdr)
                0x202ce1bd                __eh_framehdr_end = .

.gcc_except_table
 *(.gcc_except_table)

.mmu_tbl        0x202d0000        0x0
                0x202d0000                __mmu_tbl_start = .
 *(.mmu_tbl)
                0x202d0000                __mmu_tbl_end = .

.ARM.exidx      0x202ce1c0        0x8
                0x202ce1c0                __exidx_start = .
 *(.ARM.exidx*)
 .ARM.exidx.text.main
                0x202ce1c8        0x0 build/src/main.o
                                  0x8 (size before relaxing)
 .ARM.exidx.text._GLOBAL__sub_I_main.cpp
                0x202ce1c8        0x0 build/src/main.o
                                  0x8 (size before relaxing)
 .ARM.exidx.text._Z18calculate_tag_posePKN3vex8aivision6objectEP15avs_calibrationdP17vex_apriltag_pose
                0x202ce1c8        0x0 build/src/vex_apriltag.o
                                  0x8 (size before relaxing)
 .ARM.exidx     0x202ce1c0        0x8 build/src/homography.o
                                 0x20 (size before relaxing)
 .ARM.exidx     0x202ce1c8        0x0 build/src/svd22.o
                                 0x10 (size before relaxing)
 .ARM.exidx     0x202ce1c8        0x0 build/src/apriltag_pose.o
                                 0x48 (size before relaxing)
 .ARM.exidx     0x202ce1c8        0x0 build/src/apriltag_aux.o
                                  0x8 (size before relaxing)
 .ARM.exidx     0x202ce1c8        0x0 build/src/matd.o
                                0x1a8 (size before relaxing)
 *(.gnu.linkonce.armexidix.*.*)
                0x202ce1c8                __exidx_end = .

.rel.dyn        0x202ce1c8        0x0
 .rel.iplt      0x00000000        0x0 build/src/main.o

.preinit_array  0x202ce1c8        0x0
                0x202ce1c8                __preinit_array_start = .
 *(SORT(.preinit_array.*))
 *(.preinit_array)
                0x202ce1c8                __preinit_array_end = .

.init_array     0x202ce1c8        0xc
                0x202ce1c8                __init_array_start = .
 *(SORT(.init_array.*))
 *(.init_array)
 .init_array    0x202ce1c8        0x4 build/src/main.o
 .init_array    0x202ce1cc        0x4 c:\Users\jenright\AppData\Roaming\Code\User\globalStorage\vexrobotics.vexcode\sdk\cpp\EXP\EXP_20240802_15_00_00/vexexp\libexprt.a(vex_color.cpp.o)
 .init_array    0x202ce1d0        0x4 c:\Users\jenright\AppData\Roaming\Code\User\globalStorage\vexrobotics.vexcode\sdk\cpp\EXP\EXP_20240802_15_00_00/vexexp\libexprt.a(vex_aivision.cpp.o)
                0x202ce1d4                __init_array_end = .

.fini_array     0x202ce1d4        0x0
                0x202ce1d4                __fini_array_start = .
 *(SORT(.fini_array.*))
 *(.fini_array)
                0x202ce1d4                __fini_array_end = .

.ARM.attributes
                0x202ce1d4       0x3b
                0x202ce1d4                __ARM.attributes_start = .
 *(.ARM.attributes)
 .ARM.attributes
                0x202ce1d4       0x47 build/src/main.o
 .ARM.attributes
                0x202ce21b       0x47 build/src/vex_apriltag.o
 .ARM.attributes
                0x202ce262       0x47 build/src/homography.o
 .ARM.attributes
                0x202ce2a9       0x47 build/src/svd22.o
 .ARM.attributes
                0x202ce2f0       0x47 build/src/apriltag_pose.o
 .ARM.attributes
                0x202ce337       0x47 build/src/apriltag_aux.o
 .ARM.attributes
                0x202ce37e       0x47 build/src/matd.o
 .ARM.attributes
                0x202ce3c5       0x37 c:\Users\jenright\AppData\Roaming\Code\User\globalStorage\vexrobotics.vexcode\sdk\cpp\EXP\EXP_20240802_15_00_00/vexexp\libexprt.a(exp_startup.c.o)
 .ARM.attributes
                0x202ce3fc       0x37 c:\Users\jenright\AppData\Roaming\Code\User\globalStorage\vexrobotics.vexcode\sdk\cpp\EXP\EXP_20240802_15_00_00/vexexp\libexprt.a(exp_apijump.c.o)
 .ARM.attributes
                0x202ce433       0x37 c:\Users\jenright\AppData\Roaming\Code\User\globalStorage\vexrobotics.vexcode\sdk\cpp\EXP\EXP_20240802_15_00_00/vexexp\libexprt.a(exp_apiversions.c.o)
 .ARM.attributes
                0x202ce46a       0x37 c:\Users\jenright\AppData\Roaming\Code\User\globalStorage\vexrobotics.vexcode\sdk\cpp\EXP\EXP_20240802_15_00_00/vexexp\libexprt.a(vex_global.cpp.o)
 .ARM.attributes
                0x202ce4a1       0x37 c:\Users\jenright\AppData\Roaming\Code\User\globalStorage\vexrobotics.vexcode\sdk\cpp\EXP\EXP_20240802_15_00_00/vexexp\libexprt.a(vex_thread.cpp.o)
 .ARM.attributes
                0x202ce4d8       0x37 c:\Users\jenright\AppData\Roaming\Code\User\globalStorage\vexrobotics.vexcode\sdk\cpp\EXP\EXP_20240802_15_00_00/vexexp\libexprt.a(vex_brain.cpp.o)
 .ARM.attributes
                0x202ce50f       0x37 c:\Users\jenright\AppData\Roaming\Code\User\globalStorage\vexrobotics.vexcode\sdk\cpp\EXP\EXP_20240802_15_00_00/vexexp\libexprt.a(vex_triport.cpp.o)
 .ARM.attributes
                0x202ce546       0x37 c:\Users\jenright\AppData\Roaming\Code\User\globalStorage\vexrobotics.vexcode\sdk\cpp\EXP\EXP_20240802_15_00_00/vexexp\libexprt.a(vex_color.cpp.o)
 .ARM.attributes
                0x202ce57d       0x37 c:\Users\jenright\AppData\Roaming\Code\User\globalStorage\vexrobotics.vexcode\sdk\cpp\EXP\EXP_20240802_15_00_00/vexexp\libexprt.a(vex_timer.cpp.o)
 .ARM.attributes
                0x202ce5b4       0x37 c:\Users\jenright\AppData\Roaming\Code\User\globalStorage\vexrobotics.vexcode\sdk\cpp\EXP\EXP_20240802_15_00_00/vexexp\libexprt.a(vex_aivision.cpp.o)
 .ARM.attributes
                0x202ce5eb       0x37 c:\Users\jenright\AppData\Roaming\Code\User\globalStorage\vexrobotics.vexcode\sdk\cpp\EXP\EXP_20240802_15_00_00/vexexp\libexprt.a(exp_apiuser.c.o)
 .ARM.attributes
                0x202ce622       0x37 c:\Users\jenright\AppData\Roaming\Code\User\globalStorage\vexrobotics.vexcode\sdk\cpp\EXP\EXP_20240802_15_00_00/vexexp\libexprt.a(vex_device.cpp.o)
 .ARM.attributes
                0x202ce659       0x37 c:\Users\jenright\AppData\Roaming\Code\User\globalStorage\vexrobotics.vexcode\sdk\cpp\EXP\EXP_20240802_15_00_00/vexexp\libexprt.a(vex_event.cpp.o)
 .ARM.attributes
                0x202ce690       0x37 c:\Users\jenright\AppData\Roaming\Code\User\globalStorage\vexrobotics.vexcode\sdk\cpp\EXP\EXP_20240802_15_00_00/vexexp\libexprt.a(vex_mevent.cpp.o)
 .ARM.attributes
                0x202ce6c7       0x32 c:\Users\jenright\AppData\Roaming\Code\User\globalStorage\vexrobotics.vexcode\sdk\cpp\EXP\EXP_20240802_15_00_00/vexexp/gcc/libs\libc_nano.a(lib_a-aeabi_atexit.o)
 .ARM.attributes
                0x202ce6f9       0x32 c:\Users\jenright\AppData\Roaming\Code\User\globalStorage\vexrobotics.vexcode\sdk\cpp\EXP\EXP_20240802_15_00_00/vexexp/gcc/libs\libc_nano.a(lib_a-aeabi_memclr.o)
 .ARM.attributes
                0x202ce72b       0x32 c:\Users\jenright\AppData\Roaming\Code\User\globalStorage\vexrobotics.vexcode\sdk\cpp\EXP\EXP_20240802_15_00_00/vexexp/gcc/libs\libc_nano.a(lib_a-aeabi_memcpy.o)
 .ARM.attributes
                0x202ce75d       0x1e c:\Users\jenright\AppData\Roaming\Code\User\globalStorage\vexrobotics.vexcode\sdk\cpp\EXP\EXP_20240802_15_00_00/vexexp/gcc/libs\libc_nano.a(lib_a-aeabi_memset-soft.o)
 .ARM.attributes
                0x202ce77b       0x32 c:\Users\jenright\AppData\Roaming\Code\User\globalStorage\vexrobotics.vexcode\sdk\cpp\EXP\EXP_20240802_15_00_00/vexexp/gcc/libs\libc_nano.a(lib_a-assert.o)
 .ARM.attributes
                0x202ce7ad       0x32 c:\Users\jenright\AppData\Roaming\Code\User\globalStorage\vexrobotics.vexcode\sdk\cpp\EXP\EXP_20240802_15_00_00/vexexp/gcc/libs\libc_nano.a(lib_a-calloc.o)
 .ARM.attributes
                0x202ce7df       0x32 c:\Users\jenright\AppData\Roaming\Code\User\globalStorage\vexrobotics.vexcode\sdk\cpp\EXP\EXP_20240802_15_00_00/vexexp/gcc/libs\libc_nano.a(lib_a-fflush.o)
 .ARM.attributes